DiffusionLM: 6L dim=384 heads=6 mlp=3x seq=512 batch=8
Schedule: cosine | ELBO steps: 64 | Muon LR: 0.02
Time budget: 120.0s
  t=0.00: mask_prob=0.0000 sigma_bar=0.0000 dalpha_dt=0.0437
  t=0.25: mask_prob=0.1530 sigma_bar=0.1660 dalpha_dt=1.1225
  t=0.50: mask_prob=0.5062 sigma_bar=0.7055 dalpha_dt=1.5585
  t=0.75: mask_prob=0.8557 sigma_bar=1.9361 dalpha_dt=1.0952
  t=1.00: mask_prob=1.0000 sigma_bar=12.9281 dalpha_dt=0.0049
Parameters: 10,127,488
step 00000 (0.0%) | loss: 7.0628 | gnorm: 4.6769 | dt: 120ms | tok/s: 34,089 | remaining: 120s
step 00020 (1.4%) | loss: 6.5735 | gnorm: 1.1245 | dt: 127ms | tok/s: 32,373 | remaining: 118s
step 00040 (3.6%) | loss: 6.2785 | gnorm: 1.2908 | dt: 127ms | tok/s: 32,346 | remaining: 116s
step 00060 (5.6%) | loss: 6.1043 | gnorm: 1.0029 | dt: 126ms | tok/s: 32,500 | remaining: 113s
step 00080 (7.6%) | loss: 6.0639 | gnorm: 1.6364 | dt: 132ms | tok/s: 30,945 | remaining: 111s
step 00100 (9.7%) | loss: 6.0203 | gnorm: 0.6864 | dt: 121ms | tok/s: 33,978 | remaining: 108s
step 00120 (11.7%) | loss: 6.0579 | gnorm: 1.2063 | dt: 122ms | tok/s: 33,660 | remaining: 106s
step 00140 (13.6%) | loss: 6.0386 | gnorm: 3.3834 | dt: 120ms | tok/s: 34,000 | remaining: 104s
step 00160 (15.5%) | loss: 6.0254 | gnorm: 0.7245 | dt: 113ms | tok/s: 36,318 | remaining: 101s
step 00180 (17.4%) | loss: 6.0275 | gnorm: 0.6770 | dt: 111ms | tok/s: 36,956 | remaining: 99s
step 00200 (19.3%) | loss: 6.0308 | gnorm: 1.0681 | dt: 115ms | tok/s: 35,531 | remaining: 97s
step 00220 (21.2%) | loss: 6.0489 | gnorm: 1.4394 | dt: 113ms | tok/s: 36,097 | remaining: 94s
step 00240 (23.0%) | loss: 6.0284 | gnorm: 0.6892 | dt: 111ms | tok/s: 36,959 | remaining: 92s
step 00260 (24.9%) | loss: 6.0364 | gnorm: 0.8477 | dt: 106ms | tok/s: 38,463 | remaining: 90s
step 00280 (26.7%) | loss: 5.9901 | gnorm: 3.7784 | dt: 110ms | tok/s: 37,178 | remaining: 88s
step 00300 (28.4%) | loss: 6.0088 | gnorm: 0.7531 | dt: 105ms | tok/s: 39,054 | remaining: 86s
step 00320 (30.2%) | loss: 6.0436 | gnorm: 1.3740 | dt: 108ms | tok/s: 37,795 | remaining: 84s
step 00340 (32.0%) | loss: 6.0556 | gnorm: 0.7604 | dt: 104ms | tok/s: 39,341 | remaining: 82s
step 00360 (33.7%) | loss: 6.0015 | gnorm: 0.8448 | dt: 105ms | tok/s: 39,025 | remaining: 79s
step 00380 (35.4%) | loss: 6.0036 | gnorm: 0.7837 | dt: 110ms | tok/s: 37,143 | remaining: 77s
step 00400 (37.2%) | loss: 6.0332 | gnorm: 0.7075 | dt: 102ms | tok/s: 40,231 | remaining: 75s
step 00420 (38.9%) | loss: 6.0350 | gnorm: 1.5151 | dt: 105ms | tok/s: 39,081 | remaining: 73s
step 00440 (40.6%) | loss: 6.0325 | gnorm: 0.7862 | dt: 101ms | tok/s: 40,409 | remaining: 71s
step 00460 (42.3%) | loss: 5.9850 | gnorm: 0.9025 | dt: 100ms | tok/s: 40,970 | remaining: 69s
step 00480 (43.9%) | loss: 6.0500 | gnorm: 0.7457 | dt: 99ms | tok/s: 41,280 | remaining: 67s
step 00500 (45.6%) | loss: 6.0706 | gnorm: 1.0898 | dt: 103ms | tok/s: 39,848 | remaining: 65s
step 00520 (47.3%) | loss: 6.0173 | gnorm: 0.6100 | dt: 98ms | tok/s: 41,685 | remaining: 63s
step 00540 (49.0%) | loss: 6.0771 | gnorm: 2.8857 | dt: 103ms | tok/s: 39,956 | remaining: 61s
step 00560 (50.6%) | loss: 6.0421 | gnorm: 0.8014 | dt: 98ms | tok/s: 41,666 | remaining: 59s
step 00580 (52.3%) | loss: 6.0102 | gnorm: 0.8110 | dt: 97ms | tok/s: 42,412 | remaining: 57s
step 00600 (53.9%) | loss: 6.0276 | gnorm: 0.8850 | dt: 97ms | tok/s: 42,059 | remaining: 55s
step 00620 (55.5%) | loss: 6.0635 | gnorm: 0.6790 | dt: 96ms | tok/s: 42,661 | remaining: 53s
step 00640 (57.2%) | loss: 6.0219 | gnorm: 0.9649 | dt: 97ms | tok/s: 42,316 | remaining: 51s
step 00660 (58.8%) | loss: 6.1483 | gnorm: 0.8978 | dt: 98ms | tok/s: 41,960 | remaining: 49s
step 00680 (60.4%) | loss: 6.0228 | gnorm: 1.0604 | dt: 99ms | tok/s: 41,422 | remaining: 47s
step 00700 (62.0%) | loss: 6.0305 | gnorm: 0.9268 | dt: 96ms | tok/s: 42,837 | remaining: 45s
step 00720 (63.6%) | loss: 6.0317 | gnorm: 1.2737 | dt: 99ms | tok/s: 41,371 | remaining: 44s
step 00740 (65.2%) | loss: 6.0476 | gnorm: 0.5433 | dt: 94ms | tok/s: 43,733 | remaining: 42s
step 00760 (66.8%) | loss: 6.0364 | gnorm: 0.5603 | dt: 95ms | tok/s: 43,167 | remaining: 40s
step 00780 (68.4%) | loss: 5.9981 | gnorm: 0.8642 | dt: 94ms | tok/s: 43,575 | remaining: 38s
step 00800 (70.0%) | loss: 6.0041 | gnorm: 0.8031 | dt: 93ms | tok/s: 43,916 | remaining: 36s
step 00820 (71.6%) | loss: 5.9867 | gnorm: 1.7008 | dt: 100ms | tok/s: 40,923 | remaining: 34s
step 00840 (73.2%) | loss: 6.0286 | gnorm: 0.7902 | dt: 93ms | tok/s: 44,028 | remaining: 32s
step 00860 (74.7%) | loss: 6.0077 | gnorm: 0.6952 | dt: 94ms | tok/s: 43,674 | remaining: 30s
step 00880 (76.3%) | loss: 6.0265 | gnorm: 0.8394 | dt: 93ms | tok/s: 44,206 | remaining: 28s
step 00900 (77.9%) | loss: 6.0203 | gnorm: 0.7160 | dt: 93ms | tok/s: 44,127 | remaining: 26s
step 00920 (79.4%) | loss: 6.0731 | gnorm: 3.5677 | dt: 97ms | tok/s: 42,338 | remaining: 25s
step 00940 (81.0%) | loss: 6.0386 | gnorm: 0.6778 | dt: 92ms | tok/s: 44,349 | remaining: 23s
step 00960 (82.5%) | loss: 6.0189 | gnorm: 1.7924 | dt: 95ms | tok/s: 43,090 | remaining: 21s
step 00980 (84.1%) | loss: 6.0240 | gnorm: 1.6855 | dt: 96ms | tok/s: 42,453 | remaining: 19s
step 01000 (85.7%) | loss: 5.9909 | gnorm: 0.7548 | dt: 92ms | tok/s: 44,593 | remaining: 17s
step 01020 (87.2%) | loss: 6.0255 | gnorm: 0.6840 | dt: 91ms | tok/s: 44,820 | remaining: 15s
step 01040 (88.7%) | loss: 6.0238 | gnorm: 1.1377 | dt: 97ms | tok/s: 42,341 | remaining: 13s
step 01060 (90.3%) | loss: 6.0176 | gnorm: 0.5109 | dt: 92ms | tok/s: 44,311 | remaining: 12s
step 01080 (91.8%) | loss: 5.9944 | gnorm: 0.8321 | dt: 92ms | tok/s: 44,594 | remaining: 10s
step 01100 (93.4%) | loss: 6.0343 | gnorm: 0.8335 | dt: 91ms | tok/s: 44,789 | remaining: 8s
step 01120 (94.9%) | loss: 6.0115 | gnorm: 0.6511 | dt: 90ms | tok/s: 45,483 | remaining: 6s
step 01140 (96.4%) | loss: 6.0164 | gnorm: 0.6035 | dt: 91ms | tok/s: 44,818 | remaining: 4s
step 01160 (98.0%) | loss: 6.0118 | gnorm: 0.8186 | dt: 91ms | tok/s: 44,771 | remaining: 2s
step 01180 (99.5%) | loss: 6.0155 | gnorm: 0.9573 | dt: 91ms | tok/s: 45,069 | remaining: 1s

ELBO eval (64 levels x 8 batches)...
  ELBO eval 4/8
  ELBO eval 8/8
---
val_bpb:          3.471245
training_seconds: 120.0
total_seconds:    130.1
num_steps:        1187
num_params_M:     10.1
model_dim:        384
num_layers:       6
noise_schedule:   cosine
elbo_steps:       64
