DiffusionLM: 6L dim=384 heads=6 mlp=3x seq=512 batch=8
Schedule: cosine | ELBO steps: 64 | Muon LR: 0.02
Time budget: 600.0s
  t=0.00: mask_prob=0.0000 sigma_bar=0.0000 dalpha_dt=0.0437
  t=0.25: mask_prob=0.1530 sigma_bar=0.1660 dalpha_dt=1.1225
  t=0.50: mask_prob=0.5062 sigma_bar=0.7055 dalpha_dt=1.5585
  t=0.75: mask_prob=0.8557 sigma_bar=1.9361 dalpha_dt=1.0952
  t=1.00: mask_prob=1.0000 sigma_bar=12.9281 dalpha_dt=0.0049
Parameters: 9,635,200
step 00000 (0.0%) | loss: 7.0400 | gnorm: 4.8660 | dt: 220ms | tok/s: 18,626 | remaining: 600s
step 00020 (0.5%) | loss: 6.5956 | gnorm: 2.4385 | dt: 197ms | tok/s: 20,796 | remaining: 597s
step 00040 (1.0%) | loss: 6.2705 | gnorm: 1.2432 | dt: 96ms | tok/s: 42,851 | remaining: 594s
step 00060 (1.3%) | loss: 6.0344 | gnorm: 0.9084 | dt: 101ms | tok/s: 40,389 | remaining: 592s
step 00080 (1.6%) | loss: 5.9435 | gnorm: 0.8626 | dt: 96ms | tok/s: 42,789 | remaining: 590s
step 00100 (1.9%) | loss: 5.8519 | gnorm: 0.9701 | dt: 97ms | tok/s: 42,179 | remaining: 588s
step 00120 (2.3%) | loss: 5.8085 | gnorm: 1.1586 | dt: 92ms | tok/s: 44,630 | remaining: 586s
step 00140 (2.6%) | loss: 5.7270 | gnorm: 0.9922 | dt: 95ms | tok/s: 43,068 | remaining: 584s
step 00160 (2.9%) | loss: 5.5973 | gnorm: 0.7226 | dt: 95ms | tok/s: 42,948 | remaining: 583s
step 00180 (3.2%) | loss: 5.4815 | gnorm: 0.9159 | dt: 95ms | tok/s: 43,005 | remaining: 581s
step 00200 (3.5%) | loss: 5.3155 | gnorm: 1.2192 | dt: 92ms | tok/s: 44,301 | remaining: 579s
step 00220 (3.8%) | loss: 5.2422 | gnorm: 1.0541 | dt: 92ms | tok/s: 44,343 | remaining: 577s
step 00240 (4.2%) | loss: 5.1446 | gnorm: 0.8142 | dt: 96ms | tok/s: 42,550 | remaining: 575s
step 00260 (4.5%) | loss: 5.0362 | gnorm: 0.8619 | dt: 96ms | tok/s: 42,611 | remaining: 573s
step 00280 (4.8%) | loss: 4.9516 | gnorm: 1.0341 | dt: 92ms | tok/s: 44,453 | remaining: 571s
step 00300 (5.1%) | loss: 4.8913 | gnorm: 0.7987 | dt: 95ms | tok/s: 42,978 | remaining: 569s
step 00320 (5.4%) | loss: 4.8132 | gnorm: 1.1995 | dt: 91ms | tok/s: 44,865 | remaining: 567s
step 00340 (5.7%) | loss: 4.8062 | gnorm: 1.0762 | dt: 92ms | tok/s: 44,739 | remaining: 565s
step 00360 (6.1%) | loss: 4.7357 | gnorm: 0.8193 | dt: 96ms | tok/s: 42,691 | remaining: 564s
step 00380 (6.4%) | loss: 4.7056 | gnorm: 0.8522 | dt: 95ms | tok/s: 43,245 | remaining: 562s
step 00400 (6.7%) | loss: 4.7040 | gnorm: 0.6713 | dt: 95ms | tok/s: 42,926 | remaining: 560s
step 00420 (7.0%) | loss: 4.6595 | gnorm: 0.8998 | dt: 96ms | tok/s: 42,769 | remaining: 558s
step 00440 (7.3%) | loss: 4.6733 | gnorm: 0.8975 | dt: 96ms | tok/s: 42,801 | remaining: 556s
step 00460 (7.7%) | loss: 4.6707 | gnorm: 0.8280 | dt: 95ms | tok/s: 43,006 | remaining: 554s
step 00480 (8.0%) | loss: 4.6314 | gnorm: 0.8060 | dt: 96ms | tok/s: 42,756 | remaining: 552s
step 00500 (8.3%) | loss: 4.6784 | gnorm: 1.0743 | dt: 92ms | tok/s: 44,705 | remaining: 550s
step 00520 (8.6%) | loss: 4.5247 | gnorm: 0.7926 | dt: 94ms | tok/s: 43,687 | remaining: 548s
step 00540 (8.9%) | loss: 4.5333 | gnorm: 0.7415 | dt: 96ms | tok/s: 42,871 | remaining: 546s
step 00560 (9.2%) | loss: 4.5026 | gnorm: 0.7837 | dt: 95ms | tok/s: 43,017 | remaining: 544s
step 00580 (9.6%) | loss: 4.4893 | gnorm: 0.8425 | dt: 96ms | tok/s: 42,599 | remaining: 543s
step 00600 (9.9%) | loss: 4.4585 | gnorm: 0.7578 | dt: 96ms | tok/s: 42,672 | remaining: 541s
step 00620 (10.2%) | loss: 4.4104 | gnorm: 0.7000 | dt: 95ms | tok/s: 43,110 | remaining: 539s
step 00640 (10.5%) | loss: 4.3956 | gnorm: 0.9039 | dt: 96ms | tok/s: 42,770 | remaining: 537s
step 00660 (10.8%) | loss: 4.6351 | gnorm: 0.9340 | dt: 96ms | tok/s: 42,807 | remaining: 535s
step 00680 (11.1%) | loss: 4.5013 | gnorm: 0.9509 | dt: 96ms | tok/s: 42,784 | remaining: 533s
step 00700 (11.5%) | loss: 4.5056 | gnorm: 0.8095 | dt: 96ms | tok/s: 42,505 | remaining: 531s
step 00720 (11.8%) | loss: 4.4552 | gnorm: 1.0834 | dt: 92ms | tok/s: 44,699 | remaining: 529s
step 00740 (12.1%) | loss: 4.4329 | gnorm: 0.7777 | dt: 96ms | tok/s: 42,753 | remaining: 527s
step 00760 (12.4%) | loss: 4.3919 | gnorm: 0.7255 | dt: 96ms | tok/s: 42,853 | remaining: 525s
step 00780 (12.7%) | loss: 4.3257 | gnorm: 0.8184 | dt: 96ms | tok/s: 42,825 | remaining: 523s
step 00800 (13.1%) | loss: 4.3355 | gnorm: 0.8924 | dt: 95ms | tok/s: 43,188 | remaining: 522s
step 00820 (13.4%) | loss: 4.4378 | gnorm: 0.6761 | dt: 96ms | tok/s: 42,861 | remaining: 520s
step 00840 (13.7%) | loss: 4.3647 | gnorm: 0.7516 | dt: 95ms | tok/s: 43,066 | remaining: 518s
step 00860 (14.0%) | loss: 4.2997 | gnorm: 0.7101 | dt: 96ms | tok/s: 42,844 | remaining: 516s
step 00880 (14.3%) | loss: 4.2808 | gnorm: 0.8523 | dt: 96ms | tok/s: 42,881 | remaining: 514s
step 00900 (14.6%) | loss: 4.3267 | gnorm: 0.7541 | dt: 96ms | tok/s: 42,722 | remaining: 512s
step 00920 (15.0%) | loss: 4.3089 | gnorm: 0.7461 | dt: 96ms | tok/s: 42,498 | remaining: 510s
step 00940 (15.3%) | loss: 4.2372 | gnorm: 0.7954 | dt: 95ms | tok/s: 43,083 | remaining: 508s
step 00960 (15.6%) | loss: 4.3052 | gnorm: 0.6947 | dt: 96ms | tok/s: 42,879 | remaining: 506s
step 00980 (15.9%) | loss: 4.2164 | gnorm: 0.7490 | dt: 96ms | tok/s: 42,795 | remaining: 504s
step 01000 (16.2%) | loss: 4.2210 | gnorm: 0.9218 | dt: 96ms | tok/s: 42,622 | remaining: 502s
step 01020 (16.6%) | loss: 4.2730 | gnorm: 0.8456 | dt: 95ms | tok/s: 42,899 | remaining: 501s
step 01040 (16.9%) | loss: 4.1974 | gnorm: 1.1974 | dt: 92ms | tok/s: 44,726 | remaining: 499s
step 01060 (17.2%) | loss: 4.1636 | gnorm: 0.7392 | dt: 96ms | tok/s: 42,706 | remaining: 497s
step 01080 (17.5%) | loss: 4.1475 | gnorm: 0.8313 | dt: 96ms | tok/s: 42,678 | remaining: 495s
step 01100 (17.8%) | loss: 4.2259 | gnorm: 1.0052 | dt: 93ms | tok/s: 43,961 | remaining: 493s
step 01120 (18.1%) | loss: 4.1879 | gnorm: 0.6396 | dt: 97ms | tok/s: 42,409 | remaining: 491s
step 01140 (18.5%) | loss: 4.1733 | gnorm: 0.6758 | dt: 95ms | tok/s: 42,897 | remaining: 489s
step 01160 (18.8%) | loss: 4.1889 | gnorm: 0.8899 | dt: 96ms | tok/s: 42,819 | remaining: 487s
step 01180 (19.1%) | loss: 4.2157 | gnorm: 0.8632 | dt: 96ms | tok/s: 42,661 | remaining: 485s
step 01200 (19.4%) | loss: 4.1571 | gnorm: 0.7474 | dt: 96ms | tok/s: 42,788 | remaining: 483s
step 01220 (19.7%) | loss: 4.1401 | gnorm: 0.7981 | dt: 96ms | tok/s: 42,630 | remaining: 481s
step 01240 (20.1%) | loss: 4.1952 | gnorm: 0.7170 | dt: 96ms | tok/s: 42,476 | remaining: 480s
step 01260 (20.4%) | loss: 4.2948 | gnorm: 1.3085 | dt: 92ms | tok/s: 44,644 | remaining: 478s
step 01280 (20.7%) | loss: 4.2078 | gnorm: 0.7413 | dt: 96ms | tok/s: 42,807 | remaining: 476s
step 01300 (21.0%) | loss: 4.1919 | gnorm: 0.7932 | dt: 96ms | tok/s: 42,785 | remaining: 474s
step 01320 (21.3%) | loss: 4.0397 | gnorm: 0.8175 | dt: 100ms | tok/s: 40,899 | remaining: 472s
step 01340 (21.7%) | loss: 4.1094 | gnorm: 0.8274 | dt: 95ms | tok/s: 42,896 | remaining: 470s
step 01360 (22.0%) | loss: 4.0443 | gnorm: 0.9165 | dt: 96ms | tok/s: 42,809 | remaining: 468s
step 01380 (22.3%) | loss: 4.0866 | gnorm: 0.6992 | dt: 96ms | tok/s: 42,542 | remaining: 466s
step 01400 (22.6%) | loss: 4.1110 | gnorm: 1.2013 | dt: 92ms | tok/s: 44,379 | remaining: 464s
step 01420 (22.9%) | loss: 4.1232 | gnorm: 0.7428 | dt: 96ms | tok/s: 42,702 | remaining: 462s
step 01440 (23.3%) | loss: 4.0417 | gnorm: 0.9375 | dt: 97ms | tok/s: 42,444 | remaining: 460s
step 01460 (23.6%) | loss: 4.1443 | gnorm: 0.7892 | dt: 96ms | tok/s: 42,612 | remaining: 458s
step 01480 (23.9%) | loss: 4.3463 | gnorm: 0.6884 | dt: 96ms | tok/s: 42,612 | remaining: 457s
step 01500 (24.2%) | loss: 4.2517 | gnorm: 0.8703 | dt: 98ms | tok/s: 41,883 | remaining: 455s
step 01520 (24.5%) | loss: 4.1096 | gnorm: 0.7620 | dt: 94ms | tok/s: 43,445 | remaining: 453s
step 01540 (24.9%) | loss: 4.1656 | gnorm: 0.7543 | dt: 96ms | tok/s: 42,696 | remaining: 451s
step 01560 (25.2%) | loss: 4.0866 | gnorm: 0.9380 | dt: 96ms | tok/s: 42,883 | remaining: 449s
step 01580 (25.5%) | loss: 4.1419 | gnorm: 0.7543 | dt: 96ms | tok/s: 42,458 | remaining: 447s
step 01600 (25.8%) | loss: 4.1423 | gnorm: 0.7804 | dt: 96ms | tok/s: 42,672 | remaining: 445s
step 01620 (26.1%) | loss: 4.0804 | gnorm: 0.9042 | dt: 95ms | tok/s: 42,984 | remaining: 443s
step 01640 (26.5%) | loss: 4.0456 | gnorm: 0.7366 | dt: 96ms | tok/s: 42,870 | remaining: 441s
step 01660 (26.8%) | loss: 4.1408 | gnorm: 0.7393 | dt: 96ms | tok/s: 42,566 | remaining: 439s
step 01680 (27.1%) | loss: 4.1108 | gnorm: 0.7343 | dt: 96ms | tok/s: 42,889 | remaining: 437s
step 01700 (27.4%) | loss: 4.0836 | gnorm: 0.8585 | dt: 96ms | tok/s: 42,639 | remaining: 435s
step 01720 (27.7%) | loss: 4.2988 | gnorm: 1.0967 | dt: 93ms | tok/s: 44,036 | remaining: 434s
step 01740 (28.0%) | loss: 4.0138 | gnorm: 0.9404 | dt: 98ms | tok/s: 41,844 | remaining: 432s
step 01760 (28.4%) | loss: 3.9889 | gnorm: 0.7616 | dt: 96ms | tok/s: 42,753 | remaining: 430s
step 01780 (28.7%) | loss: 4.0929 | gnorm: 0.7576 | dt: 96ms | tok/s: 42,554 | remaining: 428s
step 01800 (29.0%) | loss: 3.9911 | gnorm: 0.9502 | dt: 97ms | tok/s: 42,134 | remaining: 426s
step 01820 (29.3%) | loss: 3.9814 | gnorm: 0.8611 | dt: 96ms | tok/s: 42,630 | remaining: 424s
step 01840 (29.6%) | loss: 4.0550 | gnorm: 0.6656 | dt: 95ms | tok/s: 43,024 | remaining: 422s
step 01860 (30.0%) | loss: 4.0734 | gnorm: 1.0357 | dt: 92ms | tok/s: 44,510 | remaining: 420s
step 01880 (30.3%) | loss: 3.9812 | gnorm: 0.8423 | dt: 96ms | tok/s: 42,675 | remaining: 418s
step 01900 (30.6%) | loss: 4.0866 | gnorm: 0.6734 | dt: 96ms | tok/s: 42,825 | remaining: 416s
step 01920 (30.9%) | loss: 4.0019 | gnorm: 1.2157 | dt: 91ms | tok/s: 45,019 | remaining: 414s
step 01940 (31.2%) | loss: 4.0124 | gnorm: 0.9066 | dt: 95ms | tok/s: 43,143 | remaining: 413s
step 01960 (31.5%) | loss: 4.0409 | gnorm: 0.7879 | dt: 96ms | tok/s: 42,764 | remaining: 411s
step 01980 (31.9%) | loss: 3.9772 | gnorm: 0.8621 | dt: 96ms | tok/s: 42,809 | remaining: 409s
step 02000 (32.2%) | loss: 4.0796 | gnorm: 0.7264 | dt: 96ms | tok/s: 42,830 | remaining: 407s
step 02020 (32.5%) | loss: 3.9815 | gnorm: 0.7069 | dt: 96ms | tok/s: 42,555 | remaining: 405s
step 02040 (32.8%) | loss: 3.9140 | gnorm: 0.7190 | dt: 96ms | tok/s: 42,571 | remaining: 403s
step 02060 (33.1%) | loss: 3.8891 | gnorm: 0.8296 | dt: 95ms | tok/s: 43,189 | remaining: 401s
step 02080 (33.5%) | loss: 3.9205 | gnorm: 0.6966 | dt: 96ms | tok/s: 42,694 | remaining: 399s
step 02100 (33.8%) | loss: 3.9894 | gnorm: 0.8293 | dt: 96ms | tok/s: 42,853 | remaining: 397s
step 02120 (34.1%) | loss: 4.0169 | gnorm: 0.7759 | dt: 96ms | tok/s: 42,858 | remaining: 395s
step 02140 (34.4%) | loss: 3.9336 | gnorm: 0.6588 | dt: 95ms | tok/s: 43,056 | remaining: 393s
step 02160 (34.7%) | loss: 3.9565 | gnorm: 0.8511 | dt: 96ms | tok/s: 42,664 | remaining: 392s
step 02180 (35.0%) | loss: 4.0518 | gnorm: 0.7288 | dt: 96ms | tok/s: 42,867 | remaining: 390s
step 02200 (35.4%) | loss: 3.9873 | gnorm: 0.8840 | dt: 96ms | tok/s: 42,761 | remaining: 388s
step 02220 (35.7%) | loss: 4.0574 | gnorm: 0.6819 | dt: 96ms | tok/s: 42,483 | remaining: 386s
step 02240 (36.0%) | loss: 3.9355 | gnorm: 0.8214 | dt: 96ms | tok/s: 42,826 | remaining: 384s
step 02260 (36.3%) | loss: 3.9548 | gnorm: 0.8399 | dt: 96ms | tok/s: 42,466 | remaining: 382s
step 02280 (36.6%) | loss: 3.9531 | gnorm: 0.8917 | dt: 96ms | tok/s: 42,774 | remaining: 380s
step 02300 (37.0%) | loss: 4.0010 | gnorm: 0.7439 | dt: 96ms | tok/s: 42,713 | remaining: 378s
step 02320 (37.3%) | loss: 4.0206 | gnorm: 0.6905 | dt: 96ms | tok/s: 42,685 | remaining: 376s
step 02340 (37.6%) | loss: 4.0592 | gnorm: 0.8250 | dt: 96ms | tok/s: 42,789 | remaining: 374s
step 02360 (37.9%) | loss: 3.9599 | gnorm: 0.8663 | dt: 96ms | tok/s: 42,673 | remaining: 372s
step 02380 (38.2%) | loss: 3.9999 | gnorm: 0.7425 | dt: 96ms | tok/s: 42,681 | remaining: 370s
step 02400 (38.6%) | loss: 3.8923 | gnorm: 0.6747 | dt: 96ms | tok/s: 42,826 | remaining: 369s
step 02420 (38.9%) | loss: 3.9588 | gnorm: 0.7163 | dt: 95ms | tok/s: 43,111 | remaining: 367s
step 02440 (39.2%) | loss: 3.9710 | gnorm: 0.6909 | dt: 95ms | tok/s: 42,959 | remaining: 365s
step 02460 (39.5%) | loss: 3.9177 | gnorm: 0.7470 | dt: 96ms | tok/s: 42,688 | remaining: 363s
step 02480 (39.8%) | loss: 3.9088 | gnorm: 0.9310 | dt: 96ms | tok/s: 42,617 | remaining: 361s
step 02500 (40.1%) | loss: 3.9806 | gnorm: 0.7912 | dt: 95ms | tok/s: 42,925 | remaining: 359s
step 02520 (40.5%) | loss: 3.8876 | gnorm: 0.8942 | dt: 95ms | tok/s: 42,924 | remaining: 357s
step 02540 (40.8%) | loss: 3.8534 | gnorm: 0.7141 | dt: 95ms | tok/s: 42,938 | remaining: 355s
step 02560 (41.1%) | loss: 3.6782 | gnorm: 0.7329 | dt: 95ms | tok/s: 43,202 | remaining: 353s
step 02580 (41.4%) | loss: 3.9810 | gnorm: 0.8674 | dt: 96ms | tok/s: 42,596 | remaining: 351s
step 02600 (41.7%) | loss: 3.9937 | gnorm: 0.7561 | dt: 96ms | tok/s: 42,874 | remaining: 349s
step 02620 (42.1%) | loss: 3.9446 | gnorm: 0.7029 | dt: 96ms | tok/s: 42,807 | remaining: 348s
step 02640 (42.4%) | loss: 3.9709 | gnorm: 0.6790 | dt: 96ms | tok/s: 42,817 | remaining: 346s
step 02660 (42.7%) | loss: 3.8854 | gnorm: 0.6483 | dt: 96ms | tok/s: 42,769 | remaining: 344s
step 02680 (43.0%) | loss: 4.0286 | gnorm: 0.9497 | dt: 96ms | tok/s: 42,622 | remaining: 342s
step 02700 (43.3%) | loss: 4.0655 | gnorm: 0.6540 | dt: 94ms | tok/s: 43,417 | remaining: 340s
step 02720 (43.7%) | loss: 3.9268 | gnorm: 0.7032 | dt: 96ms | tok/s: 42,757 | remaining: 338s
step 02740 (44.0%) | loss: 4.0901 | gnorm: 0.7934 | dt: 96ms | tok/s: 42,725 | remaining: 336s
step 02760 (44.3%) | loss: 3.9592 | gnorm: 0.6546 | dt: 96ms | tok/s: 42,647 | remaining: 334s
step 02780 (44.6%) | loss: 3.9331 | gnorm: 0.6038 | dt: 96ms | tok/s: 42,762 | remaining: 332s
step 02800 (44.9%) | loss: 3.9816 | gnorm: 0.6484 | dt: 97ms | tok/s: 42,275 | remaining: 330s
step 02820 (45.2%) | loss: 3.9796 | gnorm: 0.6132 | dt: 95ms | tok/s: 42,902 | remaining: 328s
step 02840 (45.6%) | loss: 3.9395 | gnorm: 1.0928 | dt: 92ms | tok/s: 44,301 | remaining: 327s
step 02860 (45.9%) | loss: 3.9022 | gnorm: 0.7529 | dt: 96ms | tok/s: 42,817 | remaining: 325s
step 02880 (46.2%) | loss: 4.0152 | gnorm: 0.9139 | dt: 96ms | tok/s: 42,856 | remaining: 323s
step 02900 (46.5%) | loss: 4.0441 | gnorm: 0.8678 | dt: 96ms | tok/s: 42,709 | remaining: 321s
step 02920 (46.8%) | loss: 3.9062 | gnorm: 0.7298 | dt: 95ms | tok/s: 42,922 | remaining: 319s
step 02940 (47.2%) | loss: 4.0934 | gnorm: 0.7958 | dt: 96ms | tok/s: 42,657 | remaining: 317s
step 02960 (47.5%) | loss: 3.9019 | gnorm: 0.6322 | dt: 96ms | tok/s: 42,775 | remaining: 315s
step 02980 (47.8%) | loss: 4.2290 | gnorm: 1.0983 | dt: 91ms | tok/s: 44,821 | remaining: 313s
step 03000 (48.1%) | loss: 4.0224 | gnorm: 0.7926 | dt: 96ms | tok/s: 42,880 | remaining: 311s
step 03020 (48.4%) | loss: 3.9114 | gnorm: 0.6518 | dt: 96ms | tok/s: 42,839 | remaining: 309s
step 03040 (48.7%) | loss: 3.9174 | gnorm: 0.6823 | dt: 96ms | tok/s: 42,734 | remaining: 307s
step 03060 (49.1%) | loss: 3.8925 | gnorm: 0.6740 | dt: 96ms | tok/s: 42,712 | remaining: 306s
step 03080 (49.4%) | loss: 3.9292 | gnorm: 0.6718 | dt: 96ms | tok/s: 42,825 | remaining: 304s
step 03100 (49.7%) | loss: 3.8566 | gnorm: 0.6559 | dt: 96ms | tok/s: 42,803 | remaining: 302s
step 03120 (50.0%) | loss: 3.9299 | gnorm: 0.5902 | dt: 96ms | tok/s: 42,652 | remaining: 300s
step 03140 (50.3%) | loss: 3.9433 | gnorm: 0.7256 | dt: 95ms | tok/s: 43,211 | remaining: 298s
step 03160 (50.7%) | loss: 3.8953 | gnorm: 0.6664 | dt: 97ms | tok/s: 42,251 | remaining: 296s
step 03180 (51.0%) | loss: 3.9644 | gnorm: 0.7186 | dt: 95ms | tok/s: 42,898 | remaining: 294s
step 03200 (51.3%) | loss: 3.9449 | gnorm: 0.7275 | dt: 96ms | tok/s: 42,876 | remaining: 292s
step 03220 (51.6%) | loss: 3.9175 | gnorm: 0.8656 | dt: 95ms | tok/s: 42,938 | remaining: 290s
step 03240 (51.9%) | loss: 3.8906 | gnorm: 0.6789 | dt: 96ms | tok/s: 42,800 | remaining: 288s
step 03260 (52.3%) | loss: 3.9099 | gnorm: 0.6820 | dt: 96ms | tok/s: 42,804 | remaining: 286s
step 03280 (52.6%) | loss: 3.9370 | gnorm: 1.2430 | dt: 94ms | tok/s: 43,743 | remaining: 284s
step 03300 (52.9%) | loss: 3.8906 | gnorm: 0.7469 | dt: 96ms | tok/s: 42,814 | remaining: 283s
step 03320 (53.2%) | loss: 3.9303 | gnorm: 0.8308 | dt: 98ms | tok/s: 41,837 | remaining: 281s
step 03340 (53.5%) | loss: 3.9129 | gnorm: 1.0244 | dt: 93ms | tok/s: 44,238 | remaining: 279s
step 03360 (53.9%) | loss: 3.8055 | gnorm: 0.7327 | dt: 96ms | tok/s: 42,842 | remaining: 277s
step 03380 (54.2%) | loss: 3.8312 | gnorm: 0.6535 | dt: 96ms | tok/s: 42,619 | remaining: 275s
step 03400 (54.5%) | loss: 3.8605 | gnorm: 0.7704 | dt: 96ms | tok/s: 42,828 | remaining: 273s
step 03420 (54.8%) | loss: 3.9139 | gnorm: 0.6656 | dt: 95ms | tok/s: 42,915 | remaining: 271s
step 03440 (55.1%) | loss: 3.8715 | gnorm: 0.6643 | dt: 96ms | tok/s: 42,704 | remaining: 269s
step 03460 (55.4%) | loss: 3.8528 | gnorm: 0.5904 | dt: 96ms | tok/s: 42,717 | remaining: 267s
step 03480 (55.8%) | loss: 3.8447 | gnorm: 0.7080 | dt: 96ms | tok/s: 42,768 | remaining: 265s
step 03500 (56.1%) | loss: 3.8494 | gnorm: 0.7291 | dt: 96ms | tok/s: 42,807 | remaining: 263s
step 03520 (56.4%) | loss: 3.9192 | gnorm: 0.7247 | dt: 96ms | tok/s: 42,634 | remaining: 261s
step 03540 (56.7%) | loss: 3.9897 | gnorm: 0.8579 | dt: 95ms | tok/s: 42,904 | remaining: 260s
step 03560 (57.0%) | loss: 3.8601 | gnorm: 0.6938 | dt: 96ms | tok/s: 42,880 | remaining: 258s
step 03580 (57.4%) | loss: 3.8637 | gnorm: 0.7411 | dt: 96ms | tok/s: 42,770 | remaining: 256s
step 03600 (57.7%) | loss: 3.8430 | gnorm: 0.6407 | dt: 96ms | tok/s: 42,754 | remaining: 254s
step 03620 (58.0%) | loss: 3.8218 | gnorm: 0.7245 | dt: 96ms | tok/s: 42,803 | remaining: 252s
step 03640 (58.3%) | loss: 3.8636 | gnorm: 0.6609 | dt: 98ms | tok/s: 42,000 | remaining: 250s
step 03660 (58.6%) | loss: 3.8374 | gnorm: 0.7125 | dt: 96ms | tok/s: 42,582 | remaining: 248s
step 03680 (59.0%) | loss: 3.8257 | gnorm: 0.9433 | dt: 96ms | tok/s: 42,624 | remaining: 246s
step 03700 (59.3%) | loss: 3.9229 | gnorm: 1.0060 | dt: 92ms | tok/s: 44,341 | remaining: 244s
step 03720 (59.6%) | loss: 3.8367 | gnorm: 0.6747 | dt: 97ms | tok/s: 42,303 | remaining: 242s
step 03740 (59.9%) | loss: 3.7276 | gnorm: 0.8155 | dt: 96ms | tok/s: 42,604 | remaining: 240s
step 03760 (60.2%) | loss: 3.9202 | gnorm: 0.8481 | dt: 96ms | tok/s: 42,590 | remaining: 238s
step 03780 (60.6%) | loss: 3.9170 | gnorm: 1.1179 | dt: 93ms | tok/s: 44,069 | remaining: 237s
step 03800 (60.9%) | loss: 3.9134 | gnorm: 0.6710 | dt: 96ms | tok/s: 42,682 | remaining: 235s
step 03820 (61.2%) | loss: 3.8631 | gnorm: 0.7177 | dt: 95ms | tok/s: 43,027 | remaining: 233s
step 03840 (61.5%) | loss: 3.8120 | gnorm: 0.6904 | dt: 97ms | tok/s: 42,385 | remaining: 231s
step 03860 (61.8%) | loss: 3.8537 | gnorm: 0.6880 | dt: 96ms | tok/s: 42,536 | remaining: 229s
step 03880 (62.2%) | loss: 3.9132 | gnorm: 0.8296 | dt: 97ms | tok/s: 42,370 | remaining: 227s
step 03900 (62.5%) | loss: 3.7859 | gnorm: 0.6782 | dt: 97ms | tok/s: 42,443 | remaining: 225s
step 03920 (62.8%) | loss: 3.7945 | gnorm: 0.6176 | dt: 96ms | tok/s: 42,676 | remaining: 223s
step 03940 (63.1%) | loss: 3.8419 | gnorm: 0.7129 | dt: 96ms | tok/s: 42,674 | remaining: 221s
step 03960 (63.4%) | loss: 3.9501 | gnorm: 1.1273 | dt: 93ms | tok/s: 44,245 | remaining: 219s
step 03980 (63.7%) | loss: 3.9233 | gnorm: 0.8165 | dt: 96ms | tok/s: 42,864 | remaining: 217s
step 04000 (64.1%) | loss: 3.8422 | gnorm: 0.9834 | dt: 96ms | tok/s: 42,621 | remaining: 215s
step 04020 (64.4%) | loss: 3.8395 | gnorm: 0.7814 | dt: 96ms | tok/s: 42,839 | remaining: 214s
step 04040 (64.7%) | loss: 3.8426 | gnorm: 0.7578 | dt: 96ms | tok/s: 42,562 | remaining: 212s
step 04060 (65.0%) | loss: 3.8357 | gnorm: 0.7346 | dt: 96ms | tok/s: 42,516 | remaining: 210s
step 04080 (65.3%) | loss: 3.8310 | gnorm: 0.7573 | dt: 96ms | tok/s: 42,603 | remaining: 208s
step 04100 (65.7%) | loss: 3.7900 | gnorm: 0.7369 | dt: 96ms | tok/s: 42,771 | remaining: 206s
step 04120 (66.0%) | loss: 3.8111 | gnorm: 0.7076 | dt: 96ms | tok/s: 42,786 | remaining: 204s
step 04140 (66.3%) | loss: 3.8360 | gnorm: 0.8043 | dt: 96ms | tok/s: 42,614 | remaining: 202s
step 04160 (66.6%) | loss: 3.8818 | gnorm: 0.7360 | dt: 96ms | tok/s: 42,522 | remaining: 200s
step 04180 (66.9%) | loss: 3.7918 | gnorm: 0.8932 | dt: 96ms | tok/s: 42,623 | remaining: 198s
step 04200 (67.3%) | loss: 3.8300 | gnorm: 0.7591 | dt: 96ms | tok/s: 42,805 | remaining: 196s
step 04220 (67.6%) | loss: 3.8062 | gnorm: 0.6755 | dt: 96ms | tok/s: 42,714 | remaining: 194s
step 04240 (67.9%) | loss: 3.8659 | gnorm: 1.1492 | dt: 92ms | tok/s: 44,512 | remaining: 192s
step 04260 (68.2%) | loss: 3.7913 | gnorm: 0.7299 | dt: 98ms | tok/s: 41,936 | remaining: 191s
step 04280 (68.5%) | loss: 3.8266 | gnorm: 0.7335 | dt: 97ms | tok/s: 42,413 | remaining: 189s
step 04300 (68.9%) | loss: 3.9319 | gnorm: 0.6707 | dt: 96ms | tok/s: 42,635 | remaining: 187s
step 04320 (69.2%) | loss: 3.9613 | gnorm: 0.7478 | dt: 95ms | tok/s: 42,985 | remaining: 185s
step 04340 (69.5%) | loss: 3.7815 | gnorm: 0.7510 | dt: 96ms | tok/s: 42,648 | remaining: 183s
step 04360 (69.8%) | loss: 3.7670 | gnorm: 0.7542 | dt: 96ms | tok/s: 42,746 | remaining: 181s
step 04380 (70.1%) | loss: 3.7552 | gnorm: 0.6844 | dt: 96ms | tok/s: 42,870 | remaining: 179s
step 04400 (70.5%) | loss: 3.8042 | gnorm: 0.9302 | dt: 96ms | tok/s: 42,681 | remaining: 177s
step 04420 (70.8%) | loss: 3.8027 | gnorm: 0.6909 | dt: 96ms | tok/s: 42,884 | remaining: 175s
step 04440 (71.1%) | loss: 3.7899 | gnorm: 0.6616 | dt: 96ms | tok/s: 42,615 | remaining: 173s
step 04460 (71.4%) | loss: 3.7413 | gnorm: 0.7131 | dt: 96ms | tok/s: 42,637 | remaining: 171s
step 04480 (71.7%) | loss: 3.7637 | gnorm: 0.9207 | dt: 98ms | tok/s: 41,793 | remaining: 169s
step 04500 (72.1%) | loss: 3.8029 | gnorm: 0.7816 | dt: 97ms | tok/s: 42,329 | remaining: 168s
step 04520 (72.4%) | loss: 3.6715 | gnorm: 0.7797 | dt: 95ms | tok/s: 43,033 | remaining: 166s
step 04540 (72.7%) | loss: 3.7353 | gnorm: 0.7199 | dt: 96ms | tok/s: 42,670 | remaining: 164s
step 04560 (73.0%) | loss: 3.8224 | gnorm: 0.7297 | dt: 94ms | tok/s: 43,347 | remaining: 162s
step 04580 (73.3%) | loss: 3.7037 | gnorm: 0.8746 | dt: 96ms | tok/s: 42,453 | remaining: 160s
step 04600 (73.7%) | loss: 3.8631 | gnorm: 0.7011 | dt: 96ms | tok/s: 42,614 | remaining: 158s
step 04620 (74.0%) | loss: 3.7706 | gnorm: 0.9444 | dt: 96ms | tok/s: 42,715 | remaining: 156s
step 04640 (74.3%) | loss: 3.7577 | gnorm: 0.8225 | dt: 96ms | tok/s: 42,696 | remaining: 154s
step 04660 (74.6%) | loss: 3.7850 | gnorm: 0.6834 | dt: 96ms | tok/s: 42,694 | remaining: 152s
step 04680 (74.9%) | loss: 3.7141 | gnorm: 1.0773 | dt: 93ms | tok/s: 44,077 | remaining: 150s
step 04700 (75.2%) | loss: 3.7634 | gnorm: 0.7129 | dt: 96ms | tok/s: 42,618 | remaining: 148s
step 04720 (75.6%) | loss: 3.7802 | gnorm: 0.6443 | dt: 96ms | tok/s: 42,536 | remaining: 146s
step 04740 (75.9%) | loss: 3.7610 | gnorm: 0.7660 | dt: 95ms | tok/s: 43,135 | remaining: 145s
step 04760 (76.2%) | loss: 3.7830 | gnorm: 0.7141 | dt: 96ms | tok/s: 42,778 | remaining: 143s
step 04780 (76.5%) | loss: 3.7827 | gnorm: 0.6750 | dt: 95ms | tok/s: 43,055 | remaining: 141s
step 04800 (76.8%) | loss: 3.7873 | gnorm: 0.7981 | dt: 96ms | tok/s: 42,833 | remaining: 139s
step 04820 (77.2%) | loss: 3.7698 | gnorm: 0.8145 | dt: 95ms | tok/s: 42,948 | remaining: 137s
step 04840 (77.5%) | loss: 3.7258 | gnorm: 0.7495 | dt: 97ms | tok/s: 42,400 | remaining: 135s
step 04860 (77.8%) | loss: 3.7644 | gnorm: 0.7355 | dt: 96ms | tok/s: 42,783 | remaining: 133s
step 04880 (78.1%) | loss: 3.8173 | gnorm: 0.7570 | dt: 95ms | tok/s: 42,927 | remaining: 131s
step 04900 (78.4%) | loss: 3.8169 | gnorm: 0.6996 | dt: 96ms | tok/s: 42,820 | remaining: 129s
step 04920 (78.8%) | loss: 3.7137 | gnorm: 0.8056 | dt: 96ms | tok/s: 42,512 | remaining: 127s
step 04940 (79.1%) | loss: 3.7840 | gnorm: 0.7434 | dt: 96ms | tok/s: 42,822 | remaining: 125s
step 04960 (79.4%) | loss: 3.8251 | gnorm: 0.7049 | dt: 96ms | tok/s: 42,616 | remaining: 124s
step 04980 (79.7%) | loss: 3.7501 | gnorm: 0.6961 | dt: 95ms | tok/s: 42,896 | remaining: 122s
step 05000 (80.0%) | loss: 3.7900 | gnorm: 0.7486 | dt: 96ms | tok/s: 42,548 | remaining: 120s
step 05020 (80.3%) | loss: 3.8283 | gnorm: 0.7426 | dt: 96ms | tok/s: 42,767 | remaining: 118s
step 05040 (80.7%) | loss: 3.8004 | gnorm: 0.7632 | dt: 96ms | tok/s: 42,769 | remaining: 116s
step 05060 (81.0%) | loss: 3.8573 | gnorm: 0.8913 | dt: 95ms | tok/s: 42,909 | remaining: 114s
step 05080 (81.3%) | loss: 3.8445 | gnorm: 1.5973 | dt: 92ms | tok/s: 44,451 | remaining: 112s
step 05100 (81.6%) | loss: 3.7914 | gnorm: 1.2284 | dt: 92ms | tok/s: 44,473 | remaining: 110s
step 05120 (81.9%) | loss: 3.7521 | gnorm: 0.7188 | dt: 96ms | tok/s: 42,770 | remaining: 108s
step 05140 (82.3%) | loss: 3.6556 | gnorm: 0.7423 | dt: 96ms | tok/s: 42,493 | remaining: 106s
step 05160 (82.6%) | loss: 3.7187 | gnorm: 0.8595 | dt: 96ms | tok/s: 42,463 | remaining: 104s
step 05180 (82.9%) | loss: 3.8011 | gnorm: 0.7418 | dt: 96ms | tok/s: 42,749 | remaining: 103s
step 05200 (83.2%) | loss: 3.7930 | gnorm: 0.9161 | dt: 96ms | tok/s: 42,662 | remaining: 101s
step 05220 (83.5%) | loss: 3.8028 | gnorm: 0.9516 | dt: 95ms | tok/s: 42,923 | remaining: 99s
step 05240 (83.8%) | loss: 3.7870 | gnorm: 0.7664 | dt: 96ms | tok/s: 42,756 | remaining: 97s
step 05260 (84.2%) | loss: 3.8087 | gnorm: 0.8300 | dt: 95ms | tok/s: 43,174 | remaining: 95s
step 05280 (84.5%) | loss: 4.1195 | gnorm: 0.9081 | dt: 95ms | tok/s: 43,322 | remaining: 93s
step 05300 (84.8%) | loss: 3.8302 | gnorm: 0.7513 | dt: 96ms | tok/s: 42,720 | remaining: 91s
step 05320 (85.1%) | loss: 3.7941 | gnorm: 0.7637 | dt: 95ms | tok/s: 42,942 | remaining: 89s
step 05340 (85.4%) | loss: 3.7826 | gnorm: 0.7855 | dt: 96ms | tok/s: 42,675 | remaining: 87s
step 05360 (85.7%) | loss: 3.7699 | gnorm: 0.6897 | dt: 98ms | tok/s: 41,979 | remaining: 85s
step 05380 (86.1%) | loss: 3.7966 | gnorm: 0.8445 | dt: 95ms | tok/s: 43,081 | remaining: 84s
step 05400 (86.4%) | loss: 3.7654 | gnorm: 0.7167 | dt: 97ms | tok/s: 42,236 | remaining: 82s
step 05420 (86.7%) | loss: 3.7491 | gnorm: 0.8055 | dt: 96ms | tok/s: 42,679 | remaining: 80s
step 05440 (87.0%) | loss: 3.7771 | gnorm: 0.7054 | dt: 97ms | tok/s: 42,432 | remaining: 78s
step 05460 (87.3%) | loss: 3.8125 | gnorm: 0.9006 | dt: 97ms | tok/s: 42,445 | remaining: 76s
step 05480 (87.7%) | loss: 3.7433 | gnorm: 0.7759 | dt: 96ms | tok/s: 42,730 | remaining: 74s
step 05500 (88.0%) | loss: 3.7319 | gnorm: 0.7303 | dt: 96ms | tok/s: 42,851 | remaining: 72s
step 05520 (88.3%) | loss: 3.8022 | gnorm: 0.7292 | dt: 97ms | tok/s: 42,128 | remaining: 70s
step 05540 (88.6%) | loss: 3.7301 | gnorm: 0.8459 | dt: 95ms | tok/s: 42,942 | remaining: 68s
step 05560 (88.9%) | loss: 3.6719 | gnorm: 0.6660 | dt: 96ms | tok/s: 42,841 | remaining: 66s
step 05580 (89.3%) | loss: 3.7364 | gnorm: 0.8250 | dt: 96ms | tok/s: 42,560 | remaining: 64s
step 05600 (89.6%) | loss: 3.7929 | gnorm: 0.5966 | dt: 96ms | tok/s: 42,812 | remaining: 62s
step 05620 (89.9%) | loss: 3.6902 | gnorm: 0.9852 | dt: 96ms | tok/s: 42,771 | remaining: 61s
step 05640 (90.2%) | loss: 3.7966 | gnorm: 0.6004 | dt: 96ms | tok/s: 42,754 | remaining: 59s
step 05660 (90.5%) | loss: 3.7050 | gnorm: 0.6784 | dt: 96ms | tok/s: 42,685 | remaining: 57s
step 05680 (90.8%) | loss: 3.6542 | gnorm: 0.7141 | dt: 96ms | tok/s: 42,824 | remaining: 55s
step 05700 (91.2%) | loss: 3.6513 | gnorm: 0.6912 | dt: 96ms | tok/s: 42,841 | remaining: 53s
step 05720 (91.5%) | loss: 3.6758 | gnorm: 0.6650 | dt: 96ms | tok/s: 42,876 | remaining: 51s
step 05740 (91.8%) | loss: 3.6927 | gnorm: 0.6830 | dt: 96ms | tok/s: 42,693 | remaining: 49s
step 05760 (92.1%) | loss: 3.7043 | gnorm: 0.6770 | dt: 96ms | tok/s: 42,646 | remaining: 47s
step 05780 (92.4%) | loss: 3.6515 | gnorm: 0.6646 | dt: 95ms | tok/s: 42,905 | remaining: 45s
step 05800 (92.8%) | loss: 3.6315 | gnorm: 0.7232 | dt: 96ms | tok/s: 42,550 | remaining: 43s
step 05820 (93.1%) | loss: 4.1912 | gnorm: 0.8625 | dt: 95ms | tok/s: 42,956 | remaining: 41s
step 05840 (93.4%) | loss: 3.7593 | gnorm: 0.7332 | dt: 96ms | tok/s: 42,601 | remaining: 39s
step 05860 (93.7%) | loss: 3.6386 | gnorm: 0.6403 | dt: 96ms | tok/s: 42,787 | remaining: 38s
step 05880 (94.0%) | loss: 3.5991 | gnorm: 0.5906 | dt: 96ms | tok/s: 42,744 | remaining: 36s
step 05900 (94.4%) | loss: 3.5992 | gnorm: 0.7638 | dt: 96ms | tok/s: 42,767 | remaining: 34s
step 05920 (94.7%) | loss: 3.6957 | gnorm: 0.8259 | dt: 97ms | tok/s: 42,061 | remaining: 32s
step 05940 (95.0%) | loss: 3.7519 | gnorm: 0.6823 | dt: 103ms | tok/s: 39,679 | remaining: 30s
step 05960 (95.4%) | loss: 3.6903 | gnorm: 0.7925 | dt: 117ms | tok/s: 35,122 | remaining: 28s
step 05980 (95.8%) | loss: 3.6116 | gnorm: 0.8645 | dt: 124ms | tok/s: 32,936 | remaining: 25s
step 06000 (96.2%) | loss: 3.6419 | gnorm: 0.6160 | dt: 121ms | tok/s: 33,736 | remaining: 23s
step 06020 (96.6%) | loss: 3.6176 | gnorm: 0.6212 | dt: 117ms | tok/s: 35,146 | remaining: 20s
step 06040 (97.0%) | loss: 3.5923 | gnorm: 0.7017 | dt: 114ms | tok/s: 35,958 | remaining: 18s
step 06060 (97.3%) | loss: 3.7199 | gnorm: 0.6211 | dt: 112ms | tok/s: 36,735 | remaining: 16s
step 06080 (97.7%) | loss: 3.6000 | gnorm: 0.6441 | dt: 109ms | tok/s: 37,659 | remaining: 14s
step 06100 (98.1%) | loss: 3.5084 | gnorm: 0.5506 | dt: 110ms | tok/s: 37,305 | remaining: 11s
step 06120 (98.4%) | loss: 3.5609 | gnorm: 0.7614 | dt: 108ms | tok/s: 37,816 | remaining: 9s
step 06140 (98.8%) | loss: 3.6633 | gnorm: 0.6593 | dt: 108ms | tok/s: 37,818 | remaining: 7s
step 06160 (99.2%) | loss: 3.5990 | gnorm: 0.7365 | dt: 109ms | tok/s: 37,522 | remaining: 5s
step 06180 (99.5%) | loss: 3.6202 | gnorm: 0.6103 | dt: 108ms | tok/s: 37,900 | remaining: 3s
step 06200 (99.9%) | loss: 3.6486 | gnorm: 0.6308 | dt: 108ms | tok/s: 38,027 | remaining: 1s

--- Per-t diagnostics ---
  t=0.05: mask_prob=0.008, n_masked=40, avg_CE_masked=1.7901
  t=0.10: mask_prob=0.028, n_masked=116, avg_CE_masked=2.0251
  t=0.20: mask_prob=0.101, n_masked=420, avg_CE_masked=1.9922
  t=0.30: mask_prob=0.213, n_masked=843, avg_CE_masked=2.4062
  t=0.50: mask_prob=0.506, n_masked=2069, avg_CE_masked=3.6227
  t=0.70: mask_prob=0.797, n_masked=3308, avg_CE_masked=4.9715
  t=0.90: mask_prob=0.976, n_masked=4001, avg_CE_masked=5.9790

ELBO eval (64 levels x 8 batches)...
  ELBO eval 4/8
  ELBO eval 8/8
---
val_bpb:          2.212935
training_seconds: 600.1
total_seconds:    614.1
num_steps:        6207
num_params_M:     9.6
model_dim:        384
num_layers:       6
noise_schedule:   cosine
elbo_steps:       64
