DiffusionLM: 6L dim=384 heads=6 mlp=3x seq=512 batch=8
Schedule: cosine | ELBO steps: 64 | Muon LR: 0.02
Time budget: 1200.0s
  t=0.00: mask_prob=0.0000 sigma_bar=0.0000 dalpha_dt=0.0437
  t=0.25: mask_prob=0.1530 sigma_bar=0.1660 dalpha_dt=1.1225
  t=0.50: mask_prob=0.5062 sigma_bar=0.7055 dalpha_dt=1.5585
  t=0.75: mask_prob=0.8557 sigma_bar=1.9361 dalpha_dt=1.0952
  t=1.00: mask_prob=1.0000 sigma_bar=12.9281 dalpha_dt=0.0049
Parameters: 9,635,968
step 00000 (0.0%) | loss: 23.7743 | gnorm: 10.1936 | dt: 123ms | tok/s: 33,376 | remaining: 1200s
step 00020 (0.1%) | loss: 39.4759 | gnorm: 5.4080 | dt: 97ms | tok/s: 42,080 | remaining: 1199s
step 00040 (0.3%) | loss: 46.0346 | gnorm: 1.9875 | dt: 98ms | tok/s: 41,951 | remaining: 1197s
step 00060 (0.4%) | loss: 42.9476 | gnorm: 23.5776 | dt: 97ms | tok/s: 42,029 | remaining: 1195s
step 00080 (0.6%) | loss: 28.4915 | gnorm: 3.1239 | dt: 97ms | tok/s: 42,106 | remaining: 1193s
step 00100 (0.8%) | loss: 37.2235 | gnorm: 6.0249 | dt: 98ms | tok/s: 41,913 | remaining: 1191s
step 00120 (0.9%) | loss: 29.6929 | gnorm: 3.8767 | dt: 99ms | tok/s: 41,537 | remaining: 1189s
step 00140 (1.1%) | loss: 35.0242 | gnorm: 4.2236 | dt: 99ms | tok/s: 41,519 | remaining: 1187s
step 00160 (1.3%) | loss: 23.9662 | gnorm: 3.0208 | dt: 99ms | tok/s: 41,533 | remaining: 1185s
step 00180 (1.4%) | loss: 32.4525 | gnorm: 2.7681 | dt: 99ms | tok/s: 41,383 | remaining: 1183s
step 00200 (1.6%) | loss: 32.3531 | gnorm: 20.2097 | dt: 99ms | tok/s: 41,524 | remaining: 1181s
step 00220 (1.8%) | loss: 34.5571 | gnorm: 6.3957 | dt: 99ms | tok/s: 41,494 | remaining: 1179s
step 00240 (1.9%) | loss: 31.3790 | gnorm: 27.1925 | dt: 98ms | tok/s: 41,640 | remaining: 1177s
step 00260 (2.1%) | loss: 23.8970 | gnorm: 2.1344 | dt: 99ms | tok/s: 41,553 | remaining: 1175s
step 00280 (2.2%) | loss: 35.6009 | gnorm: 2.4351 | dt: 99ms | tok/s: 41,387 | remaining: 1173s
step 00300 (2.4%) | loss: 23.8517 | gnorm: 6.1461 | dt: 98ms | tok/s: 41,830 | remaining: 1171s
step 00320 (2.6%) | loss: 28.7385 | gnorm: 3.5275 | dt: 99ms | tok/s: 41,374 | remaining: 1169s
step 00340 (2.7%) | loss: 25.9201 | gnorm: 4.5352 | dt: 99ms | tok/s: 41,430 | remaining: 1167s
step 00360 (2.9%) | loss: 25.8103 | gnorm: 4.8201 | dt: 99ms | tok/s: 41,320 | remaining: 1165s
step 00380 (3.1%) | loss: 23.9127 | gnorm: 1.3785 | dt: 99ms | tok/s: 41,523 | remaining: 1163s
step 00400 (3.2%) | loss: 42.8951 | gnorm: 8.8038 | dt: 98ms | tok/s: 41,818 | remaining: 1161s
step 00420 (3.4%) | loss: 26.9492 | gnorm: 1.4529 | dt: 99ms | tok/s: 41,493 | remaining: 1159s
step 00440 (3.6%) | loss: 29.0770 | gnorm: 28.8989 | dt: 99ms | tok/s: 41,416 | remaining: 1157s
step 00460 (3.7%) | loss: 20.8293 | gnorm: 3.1716 | dt: 98ms | tok/s: 41,911 | remaining: 1155s
step 00480 (3.9%) | loss: 27.9623 | gnorm: 17.9598 | dt: 98ms | tok/s: 41,851 | remaining: 1153s
step 00500 (4.1%) | loss: 16.7914 | gnorm: 1.9302 | dt: 99ms | tok/s: 41,447 | remaining: 1151s
step 00520 (4.2%) | loss: 33.0053 | gnorm: 2.7761 | dt: 99ms | tok/s: 41,572 | remaining: 1149s
step 00540 (4.4%) | loss: 26.1598 | gnorm: 6.6378 | dt: 99ms | tok/s: 41,505 | remaining: 1147s
step 00560 (4.5%) | loss: 32.2573 | gnorm: 1.7678 | dt: 99ms | tok/s: 41,489 | remaining: 1145s
step 00580 (4.7%) | loss: 34.0270 | gnorm: 52.9166 | dt: 98ms | tok/s: 41,598 | remaining: 1143s
step 00600 (4.9%) | loss: 31.0673 | gnorm: 4.5510 | dt: 99ms | tok/s: 41,206 | remaining: 1141s
step 00620 (5.0%) | loss: 28.8599 | gnorm: 8.3430 | dt: 100ms | tok/s: 41,010 | remaining: 1139s
step 00640 (5.2%) | loss: 24.0019 | gnorm: 11.9523 | dt: 100ms | tok/s: 41,077 | remaining: 1137s
step 00660 (5.4%) | loss: 27.1766 | gnorm: 6.1034 | dt: 101ms | tok/s: 40,620 | remaining: 1135s
step 00680 (5.5%) | loss: 25.0901 | gnorm: 1.9895 | dt: 100ms | tok/s: 41,118 | remaining: 1133s
step 00700 (5.7%) | loss: 29.5703 | gnorm: 4.5158 | dt: 100ms | tok/s: 41,092 | remaining: 1131s
step 00720 (5.9%) | loss: 32.0339 | gnorm: 4.0222 | dt: 100ms | tok/s: 40,933 | remaining: 1129s
step 00740 (6.0%) | loss: 28.0328 | gnorm: 77.6526 | dt: 100ms | tok/s: 40,970 | remaining: 1127s
step 00760 (6.2%) | loss: 30.4512 | gnorm: 29.9978 | dt: 100ms | tok/s: 41,080 | remaining: 1125s
step 00780 (6.4%) | loss: 22.2052 | gnorm: 2.0101 | dt: 100ms | tok/s: 41,132 | remaining: 1123s
step 00800 (6.5%) | loss: 20.8928 | gnorm: 3.2555 | dt: 99ms | tok/s: 41,259 | remaining: 1121s
step 00820 (6.7%) | loss: 21.7359 | gnorm: 9.7678 | dt: 99ms | tok/s: 41,250 | remaining: 1119s
step 00840 (6.9%) | loss: 34.5454 | gnorm: 67.8556 | dt: 99ms | tok/s: 41,193 | remaining: 1117s
step 00860 (7.0%) | loss: 22.4939 | gnorm: 3.4692 | dt: 99ms | tok/s: 41,315 | remaining: 1115s
step 00880 (7.2%) | loss: 21.6908 | gnorm: 2.6622 | dt: 100ms | tok/s: 40,911 | remaining: 1113s
step 00900 (7.4%) | loss: 20.2412 | gnorm: 1.2239 | dt: 101ms | tok/s: 40,492 | remaining: 1111s
step 00920 (7.5%) | loss: 16.8470 | gnorm: 2.7474 | dt: 103ms | tok/s: 39,901 | remaining: 1109s
step 00940 (7.7%) | loss: 20.3846 | gnorm: 1.8724 | dt: 101ms | tok/s: 40,460 | remaining: 1107s
step 00960 (7.9%) | loss: 36.7593 | gnorm: 6.8117 | dt: 105ms | tok/s: 38,856 | remaining: 1105s
step 00980 (8.1%) | loss: 23.7460 | gnorm: 1.7276 | dt: 102ms | tok/s: 40,025 | remaining: 1103s
step 01000 (8.2%) | loss: 21.9413 | gnorm: 20.8928 | dt: 100ms | tok/s: 40,900 | remaining: 1101s
step 01020 (8.4%) | loss: 22.7534 | gnorm: 45.1209 | dt: 98ms | tok/s: 41,631 | remaining: 1099s
step 01040 (8.6%) | loss: 25.5000 | gnorm: 6.3528 | dt: 99ms | tok/s: 41,448 | remaining: 1097s
step 01060 (8.7%) | loss: 36.2553 | gnorm: 14.8023 | dt: 99ms | tok/s: 41,403 | remaining: 1095s
step 01080 (8.9%) | loss: 23.8922 | gnorm: 14.6598 | dt: 99ms | tok/s: 41,264 | remaining: 1093s
step 01100 (9.1%) | loss: 20.2545 | gnorm: 3.6396 | dt: 99ms | tok/s: 41,265 | remaining: 1091s
step 01120 (9.2%) | loss: 25.5685 | gnorm: 4.3278 | dt: 99ms | tok/s: 41,170 | remaining: 1089s
step 01140 (9.4%) | loss: 21.4903 | gnorm: 3.1575 | dt: 99ms | tok/s: 41,390 | remaining: 1087s
step 01160 (9.5%) | loss: 22.6493 | gnorm: 1.5960 | dt: 99ms | tok/s: 41,462 | remaining: 1085s
step 01180 (9.7%) | loss: 24.8070 | gnorm: 23.8447 | dt: 99ms | tok/s: 41,520 | remaining: 1083s
step 01200 (9.9%) | loss: 25.4383 | gnorm: 20.3381 | dt: 99ms | tok/s: 41,538 | remaining: 1081s
step 01220 (10.0%) | loss: 23.3652 | gnorm: 7.1358 | dt: 99ms | tok/s: 41,551 | remaining: 1079s
step 01240 (10.2%) | loss: 18.3640 | gnorm: 3.0735 | dt: 99ms | tok/s: 41,544 | remaining: 1077s
step 01260 (10.4%) | loss: 18.0989 | gnorm: 8.3776 | dt: 99ms | tok/s: 41,355 | remaining: 1075s
step 01280 (10.5%) | loss: 18.5125 | gnorm: 1.1605 | dt: 99ms | tok/s: 41,363 | remaining: 1073s
step 01300 (10.7%) | loss: 22.4516 | gnorm: 1.8799 | dt: 99ms | tok/s: 41,351 | remaining: 1071s
step 01320 (10.9%) | loss: 15.2319 | gnorm: 1.5946 | dt: 99ms | tok/s: 41,418 | remaining: 1070s
step 01340 (11.0%) | loss: 19.2414 | gnorm: 2.8839 | dt: 99ms | tok/s: 41,462 | remaining: 1068s
step 01360 (11.2%) | loss: 15.4603 | gnorm: 3.3558 | dt: 99ms | tok/s: 41,557 | remaining: 1066s
step 01380 (11.4%) | loss: 17.0894 | gnorm: 18.4165 | dt: 99ms | tok/s: 41,287 | remaining: 1064s
step 01400 (11.5%) | loss: 21.4645 | gnorm: 1.8704 | dt: 99ms | tok/s: 41,578 | remaining: 1062s
step 01420 (11.7%) | loss: 24.8806 | gnorm: 8.9467 | dt: 99ms | tok/s: 41,500 | remaining: 1060s
step 01440 (11.9%) | loss: 17.7694 | gnorm: 5.5060 | dt: 99ms | tok/s: 41,345 | remaining: 1058s
step 01460 (12.0%) | loss: 23.7442 | gnorm: 2.1025 | dt: 98ms | tok/s: 41,784 | remaining: 1056s
step 01480 (12.2%) | loss: 23.0140 | gnorm: 6.6756 | dt: 99ms | tok/s: 41,528 | remaining: 1054s
step 01500 (12.3%) | loss: 19.6542 | gnorm: 13.8185 | dt: 99ms | tok/s: 41,525 | remaining: 1052s
step 01520 (12.5%) | loss: 23.6026 | gnorm: 3.9556 | dt: 99ms | tok/s: 41,486 | remaining: 1050s
step 01540 (12.7%) | loss: 19.0151 | gnorm: 20.8602 | dt: 99ms | tok/s: 41,546 | remaining: 1048s
step 01560 (12.8%) | loss: 26.3905 | gnorm: 3.7553 | dt: 99ms | tok/s: 41,556 | remaining: 1046s
step 01580 (13.0%) | loss: 22.2749 | gnorm: 4.3759 | dt: 99ms | tok/s: 41,480 | remaining: 1044s
step 01600 (13.2%) | loss: 25.5118 | gnorm: 0.9770 | dt: 94ms | tok/s: 43,699 | remaining: 1042s
step 01620 (13.3%) | loss: 24.7274 | gnorm: 2.2766 | dt: 99ms | tok/s: 41,558 | remaining: 1040s
step 01640 (13.5%) | loss: 19.9964 | gnorm: 1.3707 | dt: 99ms | tok/s: 41,400 | remaining: 1038s
step 01660 (13.7%) | loss: 17.7008 | gnorm: 5.2853 | dt: 99ms | tok/s: 41,338 | remaining: 1036s
step 01680 (13.8%) | loss: 20.6353 | gnorm: 2.5682 | dt: 99ms | tok/s: 41,394 | remaining: 1034s
step 01700 (14.0%) | loss: 19.7062 | gnorm: 5.2778 | dt: 99ms | tok/s: 41,491 | remaining: 1032s
step 01720 (14.2%) | loss: 25.8450 | gnorm: 2.9024 | dt: 99ms | tok/s: 41,497 | remaining: 1030s
step 01740 (14.3%) | loss: 21.6074 | gnorm: 1.8137 | dt: 99ms | tok/s: 41,546 | remaining: 1028s
step 01760 (14.5%) | loss: 20.6410 | gnorm: 27.0332 | dt: 99ms | tok/s: 41,478 | remaining: 1026s
step 01780 (14.6%) | loss: 21.8621 | gnorm: 9.9679 | dt: 98ms | tok/s: 41,624 | remaining: 1024s
step 01800 (14.8%) | loss: 23.3244 | gnorm: 2.3478 | dt: 99ms | tok/s: 41,468 | remaining: 1022s
step 01820 (15.0%) | loss: 20.7663 | gnorm: 4.0946 | dt: 99ms | tok/s: 41,528 | remaining: 1020s
step 01840 (15.1%) | loss: 22.1966 | gnorm: 3.2505 | dt: 98ms | tok/s: 41,746 | remaining: 1018s
step 01860 (15.3%) | loss: 18.9596 | gnorm: 2.3724 | dt: 99ms | tok/s: 41,495 | remaining: 1016s
step 01880 (15.5%) | loss: 20.5170 | gnorm: 9.1895 | dt: 98ms | tok/s: 41,780 | remaining: 1014s
step 01900 (15.6%) | loss: 20.8297 | gnorm: 9.2138 | dt: 99ms | tok/s: 41,407 | remaining: 1012s
step 01920 (15.8%) | loss: 16.5366 | gnorm: 12.2217 | dt: 99ms | tok/s: 41,469 | remaining: 1010s
step 01940 (16.0%) | loss: 18.5570 | gnorm: 6.6208 | dt: 99ms | tok/s: 41,413 | remaining: 1008s
step 01960 (16.1%) | loss: 18.8706 | gnorm: 1.6934 | dt: 99ms | tok/s: 41,578 | remaining: 1006s
step 01980 (16.3%) | loss: 18.5021 | gnorm: 5.3470 | dt: 99ms | tok/s: 41,419 | remaining: 1004s
step 02000 (16.5%) | loss: 35.0109 | gnorm: 1.4748 | dt: 98ms | tok/s: 41,595 | remaining: 1002s
step 02020 (16.6%) | loss: 16.6979 | gnorm: 0.8999 | dt: 94ms | tok/s: 43,573 | remaining: 1000s
step 02040 (16.8%) | loss: 24.2595 | gnorm: 66.3647 | dt: 98ms | tok/s: 41,971 | remaining: 999s
step 02060 (16.9%) | loss: 26.8171 | gnorm: 108.5158 | dt: 99ms | tok/s: 41,364 | remaining: 997s
step 02080 (17.1%) | loss: 24.8738 | gnorm: 5.7811 | dt: 98ms | tok/s: 41,607 | remaining: 995s
step 02100 (17.3%) | loss: 17.7080 | gnorm: 10.7836 | dt: 99ms | tok/s: 41,579 | remaining: 993s
step 02120 (17.4%) | loss: 20.6888 | gnorm: 1.9847 | dt: 99ms | tok/s: 41,420 | remaining: 991s
step 02140 (17.6%) | loss: 31.3969 | gnorm: 2.9094 | dt: 98ms | tok/s: 41,688 | remaining: 989s
step 02160 (17.8%) | loss: 20.7909 | gnorm: 1.3340 | dt: 99ms | tok/s: 41,492 | remaining: 987s
step 02180 (17.9%) | loss: 27.4634 | gnorm: 34.8558 | dt: 99ms | tok/s: 41,333 | remaining: 985s
step 02200 (18.1%) | loss: 26.0610 | gnorm: 22.8805 | dt: 99ms | tok/s: 41,436 | remaining: 983s
step 02220 (18.3%) | loss: 21.9869 | gnorm: 5.4111 | dt: 98ms | tok/s: 41,592 | remaining: 981s
step 02240 (18.4%) | loss: 27.1663 | gnorm: 2.7741 | dt: 99ms | tok/s: 41,481 | remaining: 979s
step 02260 (18.6%) | loss: 29.8416 | gnorm: 77.3301 | dt: 99ms | tok/s: 41,512 | remaining: 977s
step 02280 (18.8%) | loss: 23.3269 | gnorm: 1.5686 | dt: 99ms | tok/s: 41,379 | remaining: 975s
step 02300 (18.9%) | loss: 25.0622 | gnorm: 4.1767 | dt: 99ms | tok/s: 41,579 | remaining: 973s
step 02320 (19.1%) | loss: 31.7031 | gnorm: 2.2774 | dt: 99ms | tok/s: 41,528 | remaining: 971s
step 02340 (19.2%) | loss: 21.4061 | gnorm: 5.7785 | dt: 98ms | tok/s: 41,622 | remaining: 969s
step 02360 (19.4%) | loss: 23.6541 | gnorm: 3.8415 | dt: 98ms | tok/s: 41,875 | remaining: 967s
step 02380 (19.6%) | loss: 21.8264 | gnorm: 4.9500 | dt: 99ms | tok/s: 41,512 | remaining: 965s
step 02400 (19.7%) | loss: 19.2474 | gnorm: 2.7245 | dt: 99ms | tok/s: 41,570 | remaining: 963s
step 02420 (19.9%) | loss: 18.9566 | gnorm: 2.4135 | dt: 99ms | tok/s: 41,459 | remaining: 961s
step 02440 (20.1%) | loss: 18.0717 | gnorm: 2.0723 | dt: 99ms | tok/s: 41,445 | remaining: 959s
step 02460 (20.2%) | loss: 17.8119 | gnorm: 3.2567 | dt: 99ms | tok/s: 41,394 | remaining: 957s
step 02480 (20.4%) | loss: 19.0323 | gnorm: 16.1135 | dt: 99ms | tok/s: 41,457 | remaining: 955s
step 02500 (20.6%) | loss: 15.9594 | gnorm: 3.5229 | dt: 99ms | tok/s: 41,489 | remaining: 953s
step 02520 (20.7%) | loss: 15.7831 | gnorm: 7.3699 | dt: 99ms | tok/s: 41,430 | remaining: 951s
step 02540 (20.9%) | loss: 15.0660 | gnorm: 1.3634 | dt: 99ms | tok/s: 41,569 | remaining: 949s
step 02560 (21.1%) | loss: 16.2124 | gnorm: 2.0740 | dt: 99ms | tok/s: 41,499 | remaining: 947s
step 02580 (21.2%) | loss: 16.3322 | gnorm: 2.2239 | dt: 98ms | tok/s: 41,610 | remaining: 945s
step 02600 (21.4%) | loss: 18.9672 | gnorm: 2.7278 | dt: 99ms | tok/s: 41,577 | remaining: 943s
step 02620 (21.5%) | loss: 22.4119 | gnorm: 7.4195 | dt: 99ms | tok/s: 41,398 | remaining: 941s
step 02640 (21.7%) | loss: 18.0684 | gnorm: 5.5070 | dt: 99ms | tok/s: 41,416 | remaining: 939s
step 02660 (21.9%) | loss: 19.5207 | gnorm: 4.4604 | dt: 99ms | tok/s: 41,560 | remaining: 937s
step 02680 (22.0%) | loss: 20.6383 | gnorm: 7.3978 | dt: 99ms | tok/s: 41,399 | remaining: 935s
step 02700 (22.2%) | loss: 19.7092 | gnorm: 3.1652 | dt: 99ms | tok/s: 41,355 | remaining: 933s
step 02720 (22.4%) | loss: 20.7277 | gnorm: 2.3465 | dt: 98ms | tok/s: 41,649 | remaining: 931s
step 02740 (22.5%) | loss: 23.8522 | gnorm: 31.8591 | dt: 99ms | tok/s: 41,433 | remaining: 929s
step 02760 (22.7%) | loss: 19.1919 | gnorm: 3.4397 | dt: 99ms | tok/s: 41,484 | remaining: 928s
step 02780 (22.9%) | loss: 25.0461 | gnorm: 75.5981 | dt: 99ms | tok/s: 41,451 | remaining: 926s
step 02800 (23.0%) | loss: 17.1645 | gnorm: 1.0410 | dt: 98ms | tok/s: 41,917 | remaining: 924s
step 02820 (23.2%) | loss: 23.5500 | gnorm: 10.5450 | dt: 98ms | tok/s: 41,944 | remaining: 922s
step 02840 (23.4%) | loss: 18.0510 | gnorm: 9.7956 | dt: 99ms | tok/s: 41,379 | remaining: 920s
step 02860 (23.5%) | loss: 24.6426 | gnorm: 3.1352 | dt: 98ms | tok/s: 41,594 | remaining: 918s
step 02880 (23.7%) | loss: 22.2036 | gnorm: 9.4066 | dt: 99ms | tok/s: 41,507 | remaining: 916s
step 02900 (23.8%) | loss: 17.7937 | gnorm: 1.4468 | dt: 99ms | tok/s: 41,471 | remaining: 914s
step 02920 (24.0%) | loss: 22.2523 | gnorm: 2.5910 | dt: 99ms | tok/s: 41,458 | remaining: 912s
step 02940 (24.2%) | loss: 21.6324 | gnorm: 38.2919 | dt: 98ms | tok/s: 41,627 | remaining: 910s
step 02960 (24.3%) | loss: 15.4055 | gnorm: 4.0169 | dt: 99ms | tok/s: 41,561 | remaining: 908s
step 02980 (24.5%) | loss: 23.7712 | gnorm: 7.7211 | dt: 98ms | tok/s: 41,935 | remaining: 906s
step 03000 (24.7%) | loss: 18.1638 | gnorm: 1.6487 | dt: 99ms | tok/s: 41,538 | remaining: 904s
step 03020 (24.8%) | loss: 23.5494 | gnorm: 3.2396 | dt: 99ms | tok/s: 41,299 | remaining: 902s
step 03040 (25.0%) | loss: 23.4219 | gnorm: 2.4100 | dt: 99ms | tok/s: 41,431 | remaining: 900s
step 03060 (25.2%) | loss: 19.4697 | gnorm: 4.1789 | dt: 99ms | tok/s: 41,455 | remaining: 898s
step 03080 (25.3%) | loss: 16.1012 | gnorm: 2.6661 | dt: 99ms | tok/s: 41,381 | remaining: 896s
step 03100 (25.5%) | loss: 15.8970 | gnorm: 4.5642 | dt: 99ms | tok/s: 41,515 | remaining: 894s
step 03120 (25.7%) | loss: 20.6950 | gnorm: 0.9762 | dt: 94ms | tok/s: 43,572 | remaining: 892s
step 03140 (25.8%) | loss: 19.7659 | gnorm: 13.2783 | dt: 99ms | tok/s: 41,357 | remaining: 890s
step 03160 (26.0%) | loss: 14.5387 | gnorm: 1.9294 | dt: 99ms | tok/s: 41,349 | remaining: 888s
step 03180 (26.2%) | loss: 22.1106 | gnorm: 3.1315 | dt: 99ms | tok/s: 41,285 | remaining: 886s
step 03200 (26.3%) | loss: 21.5793 | gnorm: 1.5794 | dt: 98ms | tok/s: 41,623 | remaining: 884s
step 03220 (26.5%) | loss: 20.6568 | gnorm: 6.1982 | dt: 99ms | tok/s: 41,345 | remaining: 882s
step 03240 (26.6%) | loss: 17.8997 | gnorm: 3.1582 | dt: 99ms | tok/s: 41,424 | remaining: 880s
step 03260 (26.8%) | loss: 23.8089 | gnorm: 1.0693 | dt: 99ms | tok/s: 41,408 | remaining: 878s
step 03280 (27.0%) | loss: 30.6498 | gnorm: 5.8583 | dt: 99ms | tok/s: 41,344 | remaining: 876s
step 03300 (27.1%) | loss: 24.8297 | gnorm: 5.6731 | dt: 99ms | tok/s: 41,439 | remaining: 874s
step 03320 (27.3%) | loss: 16.0405 | gnorm: 1.8347 | dt: 99ms | tok/s: 41,275 | remaining: 872s
step 03340 (27.5%) | loss: 19.6592 | gnorm: 24.9838 | dt: 99ms | tok/s: 41,352 | remaining: 870s
step 03360 (27.6%) | loss: 16.3430 | gnorm: 9.2664 | dt: 99ms | tok/s: 41,363 | remaining: 868s
step 03380 (27.8%) | loss: 18.4681 | gnorm: 3.9914 | dt: 99ms | tok/s: 41,379 | remaining: 866s
step 03400 (28.0%) | loss: 19.8643 | gnorm: 4.0457 | dt: 99ms | tok/s: 41,387 | remaining: 864s
step 03420 (28.1%) | loss: 20.9070 | gnorm: 6.1195 | dt: 99ms | tok/s: 41,292 | remaining: 862s
step 03440 (28.3%) | loss: 22.9372 | gnorm: 11.0166 | dt: 99ms | tok/s: 41,389 | remaining: 860s
step 03460 (28.5%) | loss: 25.1447 | gnorm: 4.6172 | dt: 99ms | tok/s: 41,283 | remaining: 858s
step 03480 (28.6%) | loss: 28.2524 | gnorm: 2.8613 | dt: 100ms | tok/s: 41,162 | remaining: 856s
step 03500 (28.8%) | loss: 20.4785 | gnorm: 2.8941 | dt: 99ms | tok/s: 41,168 | remaining: 854s
step 03520 (29.0%) | loss: 24.3394 | gnorm: 3.8210 | dt: 99ms | tok/s: 41,566 | remaining: 852s
step 03540 (29.1%) | loss: 20.5073 | gnorm: 8.6465 | dt: 99ms | tok/s: 41,375 | remaining: 850s
step 03560 (29.3%) | loss: 22.2625 | gnorm: 1.6231 | dt: 99ms | tok/s: 41,434 | remaining: 849s
step 03580 (29.4%) | loss: 21.3106 | gnorm: 1.1534 | dt: 99ms | tok/s: 41,190 | remaining: 847s
step 03600 (29.6%) | loss: 15.9226 | gnorm: 2.2158 | dt: 99ms | tok/s: 41,230 | remaining: 845s
step 03620 (29.8%) | loss: 15.4402 | gnorm: 3.2921 | dt: 99ms | tok/s: 41,261 | remaining: 843s
step 03640 (29.9%) | loss: 19.5673 | gnorm: 2.1733 | dt: 99ms | tok/s: 41,312 | remaining: 841s
step 03660 (30.1%) | loss: 18.1957 | gnorm: 14.8912 | dt: 100ms | tok/s: 41,135 | remaining: 839s
step 03680 (30.3%) | loss: 21.1822 | gnorm: 111.5029 | dt: 99ms | tok/s: 41,358 | remaining: 837s
step 03700 (30.4%) | loss: 20.0200 | gnorm: 34.1636 | dt: 99ms | tok/s: 41,477 | remaining: 835s
step 03720 (30.6%) | loss: 19.8458 | gnorm: 1.0201 | dt: 99ms | tok/s: 41,530 | remaining: 833s
step 03740 (30.8%) | loss: 18.6821 | gnorm: 12.1965 | dt: 99ms | tok/s: 41,557 | remaining: 831s
step 03760 (30.9%) | loss: 15.8326 | gnorm: 8.1983 | dt: 99ms | tok/s: 41,397 | remaining: 829s
step 03780 (31.1%) | loss: 24.6522 | gnorm: 1.7734 | dt: 99ms | tok/s: 41,280 | remaining: 827s
step 03800 (31.3%) | loss: 17.4272 | gnorm: 0.8878 | dt: 94ms | tok/s: 43,606 | remaining: 825s
step 03820 (31.4%) | loss: 17.7664 | gnorm: 13.0387 | dt: 100ms | tok/s: 41,127 | remaining: 823s
step 03840 (31.6%) | loss: 23.1681 | gnorm: 3.4410 | dt: 99ms | tok/s: 41,547 | remaining: 821s
step 03860 (31.8%) | loss: 20.8474 | gnorm: 3.3269 | dt: 99ms | tok/s: 41,570 | remaining: 819s
step 03880 (31.9%) | loss: 20.2332 | gnorm: 13.8584 | dt: 99ms | tok/s: 41,445 | remaining: 817s
step 03900 (32.1%) | loss: 16.6823 | gnorm: 1.5695 | dt: 98ms | tok/s: 41,607 | remaining: 815s
step 03920 (32.2%) | loss: 15.1696 | gnorm: 18.1765 | dt: 100ms | tok/s: 41,097 | remaining: 813s
step 03940 (32.4%) | loss: 15.9877 | gnorm: 2.0955 | dt: 98ms | tok/s: 41,791 | remaining: 811s
step 03960 (32.6%) | loss: 20.1346 | gnorm: 28.1926 | dt: 99ms | tok/s: 41,411 | remaining: 809s
step 03980 (32.7%) | loss: 19.2926 | gnorm: 2.0338 | dt: 99ms | tok/s: 41,457 | remaining: 807s
step 04000 (32.9%) | loss: 15.8706 | gnorm: 2.2689 | dt: 99ms | tok/s: 41,366 | remaining: 805s
step 04020 (33.1%) | loss: 22.3559 | gnorm: 23.3206 | dt: 98ms | tok/s: 41,589 | remaining: 803s
step 04040 (33.2%) | loss: 20.5325 | gnorm: 1.8127 | dt: 99ms | tok/s: 41,514 | remaining: 801s
step 04060 (33.4%) | loss: 22.2050 | gnorm: 76.4199 | dt: 99ms | tok/s: 41,421 | remaining: 799s
step 04080 (33.6%) | loss: 19.0799 | gnorm: 3.8056 | dt: 99ms | tok/s: 41,408 | remaining: 797s
step 04100 (33.7%) | loss: 15.8287 | gnorm: 4.1167 | dt: 99ms | tok/s: 41,477 | remaining: 795s
step 04120 (33.9%) | loss: 19.8887 | gnorm: 5.0850 | dt: 99ms | tok/s: 41,554 | remaining: 793s
step 04140 (34.1%) | loss: 15.9533 | gnorm: 1.4789 | dt: 98ms | tok/s: 41,594 | remaining: 791s
step 04160 (34.2%) | loss: 17.3953 | gnorm: 10.7073 | dt: 99ms | tok/s: 41,422 | remaining: 789s
step 04180 (34.4%) | loss: 14.4490 | gnorm: 2.3296 | dt: 99ms | tok/s: 41,294 | remaining: 787s
step 04200 (34.6%) | loss: 18.6514 | gnorm: 4.7504 | dt: 99ms | tok/s: 41,459 | remaining: 785s
step 04220 (34.7%) | loss: 20.1146 | gnorm: 2.5475 | dt: 99ms | tok/s: 41,408 | remaining: 783s
step 04240 (34.9%) | loss: 15.0888 | gnorm: 5.2268 | dt: 99ms | tok/s: 41,434 | remaining: 781s
step 04260 (35.0%) | loss: 17.4199 | gnorm: 1.3192 | dt: 99ms | tok/s: 41,366 | remaining: 779s
step 04280 (35.2%) | loss: 17.3226 | gnorm: 2.7488 | dt: 100ms | tok/s: 41,156 | remaining: 777s
step 04300 (35.4%) | loss: 19.8441 | gnorm: 1.2359 | dt: 99ms | tok/s: 41,351 | remaining: 775s
step 04320 (35.5%) | loss: 19.2393 | gnorm: 35.5792 | dt: 99ms | tok/s: 41,578 | remaining: 773s
step 04340 (35.7%) | loss: 15.8434 | gnorm: 1.0749 | dt: 99ms | tok/s: 41,562 | remaining: 771s
step 04360 (35.9%) | loss: 18.7811 | gnorm: 5.4617 | dt: 99ms | tok/s: 41,573 | remaining: 770s
step 04380 (36.0%) | loss: 15.2032 | gnorm: 1.8586 | dt: 98ms | tok/s: 41,585 | remaining: 768s
step 04400 (36.2%) | loss: 17.9081 | gnorm: 2.2400 | dt: 98ms | tok/s: 41,609 | remaining: 766s
step 04420 (36.4%) | loss: 18.9630 | gnorm: 1.0961 | dt: 99ms | tok/s: 41,581 | remaining: 764s
step 04440 (36.5%) | loss: 17.9157 | gnorm: 52.6902 | dt: 99ms | tok/s: 41,435 | remaining: 762s
step 04460 (36.7%) | loss: 24.2473 | gnorm: 83.4436 | dt: 98ms | tok/s: 41,731 | remaining: 760s
step 04480 (36.9%) | loss: 22.0089 | gnorm: 3.7175 | dt: 99ms | tok/s: 41,184 | remaining: 758s
step 04500 (37.0%) | loss: 16.4505 | gnorm: 4.6444 | dt: 98ms | tok/s: 41,602 | remaining: 756s
step 04520 (37.2%) | loss: 15.4470 | gnorm: 2.3899 | dt: 99ms | tok/s: 41,338 | remaining: 754s
step 04540 (37.3%) | loss: 16.6422 | gnorm: 2.9541 | dt: 99ms | tok/s: 41,434 | remaining: 752s
step 04560 (37.5%) | loss: 22.3578 | gnorm: 13.3286 | dt: 98ms | tok/s: 41,651 | remaining: 750s
step 04580 (37.7%) | loss: 17.0316 | gnorm: 1.6313 | dt: 99ms | tok/s: 41,242 | remaining: 748s
step 04600 (37.8%) | loss: 21.2513 | gnorm: 8.1492 | dt: 99ms | tok/s: 41,418 | remaining: 746s
step 04620 (38.0%) | loss: 18.0629 | gnorm: 17.8928 | dt: 98ms | tok/s: 41,632 | remaining: 744s
step 04640 (38.2%) | loss: 15.6043 | gnorm: 9.3315 | dt: 99ms | tok/s: 41,505 | remaining: 742s
step 04660 (38.3%) | loss: 19.7272 | gnorm: 10.7997 | dt: 99ms | tok/s: 41,513 | remaining: 740s
step 04680 (38.5%) | loss: 24.3745 | gnorm: 1.7241 | dt: 99ms | tok/s: 41,445 | remaining: 738s
step 04700 (38.7%) | loss: 21.3807 | gnorm: 1.1689 | dt: 99ms | tok/s: 41,498 | remaining: 736s
step 04720 (38.8%) | loss: 16.7718 | gnorm: 46.4029 | dt: 99ms | tok/s: 41,507 | remaining: 734s
step 04740 (39.0%) | loss: 16.7434 | gnorm: 2.7383 | dt: 99ms | tok/s: 41,494 | remaining: 732s
step 04760 (39.2%) | loss: 19.7924 | gnorm: 3.0644 | dt: 99ms | tok/s: 41,456 | remaining: 730s
step 04780 (39.3%) | loss: 19.1093 | gnorm: 8.5761 | dt: 99ms | tok/s: 41,493 | remaining: 728s
step 04800 (39.5%) | loss: 16.9767 | gnorm: 6.1136 | dt: 99ms | tok/s: 41,412 | remaining: 726s
step 04820 (39.6%) | loss: 18.0405 | gnorm: 1.6189 | dt: 99ms | tok/s: 41,378 | remaining: 724s
step 04840 (39.8%) | loss: 20.7672 | gnorm: 3.8058 | dt: 99ms | tok/s: 41,455 | remaining: 722s
step 04860 (40.0%) | loss: 16.7495 | gnorm: 4.3324 | dt: 99ms | tok/s: 41,446 | remaining: 720s
step 04880 (40.1%) | loss: 17.8041 | gnorm: 4.8137 | dt: 99ms | tok/s: 41,530 | remaining: 718s
step 04900 (40.3%) | loss: 27.0760 | gnorm: 3.8561 | dt: 99ms | tok/s: 41,423 | remaining: 716s
step 04920 (40.5%) | loss: 21.3918 | gnorm: 2.9946 | dt: 99ms | tok/s: 41,490 | remaining: 714s
step 04940 (40.6%) | loss: 17.2755 | gnorm: 1.7021 | dt: 99ms | tok/s: 41,395 | remaining: 712s
step 04960 (40.8%) | loss: 18.1480 | gnorm: 2.0528 | dt: 98ms | tok/s: 41,618 | remaining: 710s
step 04980 (41.0%) | loss: 19.5761 | gnorm: 7.4853 | dt: 99ms | tok/s: 41,387 | remaining: 708s
step 05000 (41.1%) | loss: 16.6226 | gnorm: 7.8641 | dt: 98ms | tok/s: 41,673 | remaining: 706s
step 05020 (41.3%) | loss: 21.5563 | gnorm: 1.4480 | dt: 98ms | tok/s: 41,823 | remaining: 704s
step 05040 (41.5%) | loss: 16.7728 | gnorm: 4.4036 | dt: 99ms | tok/s: 41,416 | remaining: 702s
step 05060 (41.6%) | loss: 21.6559 | gnorm: 11.1019 | dt: 98ms | tok/s: 41,590 | remaining: 700s
step 05080 (41.8%) | loss: 14.8437 | gnorm: 2.8142 | dt: 99ms | tok/s: 41,386 | remaining: 699s
step 05100 (41.9%) | loss: 14.4155 | gnorm: 15.2227 | dt: 99ms | tok/s: 41,476 | remaining: 697s
step 05120 (42.1%) | loss: 19.0011 | gnorm: 5.0959 | dt: 98ms | tok/s: 41,679 | remaining: 695s
step 05140 (42.3%) | loss: 15.7225 | gnorm: 2.2596 | dt: 99ms | tok/s: 41,403 | remaining: 693s
step 05160 (42.4%) | loss: 21.4605 | gnorm: 60.7878 | dt: 99ms | tok/s: 41,434 | remaining: 691s
step 05180 (42.6%) | loss: 15.1679 | gnorm: 3.1800 | dt: 99ms | tok/s: 41,500 | remaining: 689s
step 05200 (42.8%) | loss: 16.9445 | gnorm: 1.3284 | dt: 99ms | tok/s: 41,532 | remaining: 687s
step 05220 (42.9%) | loss: 16.1700 | gnorm: 1.6090 | dt: 98ms | tok/s: 41,643 | remaining: 685s
step 05240 (43.1%) | loss: 21.3467 | gnorm: 40.0900 | dt: 99ms | tok/s: 41,448 | remaining: 683s
step 05260 (43.3%) | loss: 17.7648 | gnorm: 4.4946 | dt: 99ms | tok/s: 41,421 | remaining: 681s
step 05280 (43.4%) | loss: 17.7760 | gnorm: 0.9538 | dt: 93ms | tok/s: 43,810 | remaining: 679s
step 05300 (43.6%) | loss: 12.5431 | gnorm: 1.1605 | dt: 99ms | tok/s: 41,425 | remaining: 677s
step 05320 (43.8%) | loss: 15.9200 | gnorm: 1.1187 | dt: 98ms | tok/s: 41,596 | remaining: 675s
step 05340 (43.9%) | loss: 19.7991 | gnorm: 23.2348 | dt: 98ms | tok/s: 41,650 | remaining: 673s
step 05360 (44.1%) | loss: 17.6168 | gnorm: 17.7072 | dt: 99ms | tok/s: 41,450 | remaining: 671s
step 05380 (44.2%) | loss: 23.5449 | gnorm: 5.3815 | dt: 99ms | tok/s: 41,448 | remaining: 669s
step 05400 (44.4%) | loss: 21.7944 | gnorm: 32.7696 | dt: 99ms | tok/s: 41,365 | remaining: 667s
step 05420 (44.6%) | loss: 14.3375 | gnorm: 2.3263 | dt: 98ms | tok/s: 41,610 | remaining: 665s
step 05440 (44.7%) | loss: 17.8160 | gnorm: 1.2589 | dt: 99ms | tok/s: 41,438 | remaining: 663s
step 05460 (44.9%) | loss: 19.5745 | gnorm: 2.7260 | dt: 98ms | tok/s: 41,693 | remaining: 661s
step 05480 (45.1%) | loss: 21.7576 | gnorm: 53.9136 | dt: 99ms | tok/s: 41,483 | remaining: 659s
step 05500 (45.2%) | loss: 20.3257 | gnorm: 5.8770 | dt: 99ms | tok/s: 41,371 | remaining: 657s
step 05520 (45.4%) | loss: 20.4086 | gnorm: 17.8055 | dt: 99ms | tok/s: 41,431 | remaining: 655s
step 05540 (45.6%) | loss: 21.1175 | gnorm: 23.1809 | dt: 99ms | tok/s: 41,532 | remaining: 653s
step 05560 (45.7%) | loss: 15.2698 | gnorm: 3.1307 | dt: 99ms | tok/s: 41,291 | remaining: 651s
step 05580 (45.9%) | loss: 18.7084 | gnorm: 47.0145 | dt: 99ms | tok/s: 41,290 | remaining: 649s
step 05600 (46.1%) | loss: 25.2719 | gnorm: 88.1602 | dt: 99ms | tok/s: 41,290 | remaining: 647s
step 05620 (46.2%) | loss: 19.8316 | gnorm: 3.1004 | dt: 99ms | tok/s: 41,166 | remaining: 645s
step 05640 (46.4%) | loss: 19.6082 | gnorm: 2.5888 | dt: 99ms | tok/s: 41,310 | remaining: 643s
step 05660 (46.6%) | loss: 21.8382 | gnorm: 12.3944 | dt: 98ms | tok/s: 41,684 | remaining: 641s
step 05680 (46.7%) | loss: 15.5655 | gnorm: 1.7523 | dt: 99ms | tok/s: 41,340 | remaining: 639s
step 05700 (46.9%) | loss: 18.1480 | gnorm: 30.6186 | dt: 99ms | tok/s: 41,359 | remaining: 637s
step 05720 (47.0%) | loss: 17.2418 | gnorm: 3.0866 | dt: 99ms | tok/s: 41,275 | remaining: 635s
step 05740 (47.2%) | loss: 19.5100 | gnorm: 0.9664 | dt: 94ms | tok/s: 43,665 | remaining: 633s
step 05760 (47.4%) | loss: 20.6218 | gnorm: 8.6807 | dt: 99ms | tok/s: 41,398 | remaining: 631s
step 05780 (47.5%) | loss: 17.3963 | gnorm: 1.0841 | dt: 100ms | tok/s: 40,945 | remaining: 629s
step 05800 (47.7%) | loss: 20.4230 | gnorm: 26.5169 | dt: 99ms | tok/s: 41,247 | remaining: 627s
step 05820 (47.9%) | loss: 21.4717 | gnorm: 1.4789 | dt: 99ms | tok/s: 41,438 | remaining: 625s
step 05840 (48.0%) | loss: 18.3834 | gnorm: 1.0077 | dt: 99ms | tok/s: 41,421 | remaining: 623s
step 05860 (48.2%) | loss: 20.2430 | gnorm: 2.0126 | dt: 99ms | tok/s: 41,413 | remaining: 621s
step 05880 (48.4%) | loss: 16.9198 | gnorm: 4.5246 | dt: 99ms | tok/s: 41,213 | remaining: 620s
step 05900 (48.5%) | loss: 14.3743 | gnorm: 3.9379 | dt: 99ms | tok/s: 41,521 | remaining: 618s
step 05920 (48.7%) | loss: 23.1809 | gnorm: 33.4261 | dt: 100ms | tok/s: 41,160 | remaining: 616s
step 05940 (48.9%) | loss: 17.3287 | gnorm: 3.6929 | dt: 99ms | tok/s: 41,287 | remaining: 614s
step 05960 (49.0%) | loss: 22.3476 | gnorm: 7.3877 | dt: 99ms | tok/s: 41,192 | remaining: 612s
step 05980 (49.2%) | loss: 20.2087 | gnorm: 4.3186 | dt: 98ms | tok/s: 41,893 | remaining: 610s
step 06000 (49.4%) | loss: 16.7609 | gnorm: 1.5792 | dt: 99ms | tok/s: 41,184 | remaining: 608s
step 06020 (49.5%) | loss: 17.6894 | gnorm: 2.0260 | dt: 99ms | tok/s: 41,490 | remaining: 606s
step 06040 (49.7%) | loss: 16.2400 | gnorm: 2.3252 | dt: 99ms | tok/s: 41,444 | remaining: 604s
step 06060 (49.9%) | loss: 15.0981 | gnorm: 1.5154 | dt: 99ms | tok/s: 41,392 | remaining: 602s
step 06080 (50.0%) | loss: 19.5457 | gnorm: 24.0462 | dt: 99ms | tok/s: 41,493 | remaining: 600s
step 06100 (50.2%) | loss: 17.8210 | gnorm: 46.6143 | dt: 99ms | tok/s: 41,212 | remaining: 598s
step 06120 (50.3%) | loss: 15.2133 | gnorm: 1.1617 | dt: 100ms | tok/s: 41,156 | remaining: 596s
step 06140 (50.5%) | loss: 20.4574 | gnorm: 5.7186 | dt: 99ms | tok/s: 41,331 | remaining: 594s
step 06160 (50.7%) | loss: 16.0741 | gnorm: 2.7286 | dt: 99ms | tok/s: 41,555 | remaining: 592s
step 06180 (50.8%) | loss: 18.0534 | gnorm: 27.6176 | dt: 99ms | tok/s: 41,499 | remaining: 590s
step 06200 (51.0%) | loss: 16.7137 | gnorm: 9.1800 | dt: 99ms | tok/s: 41,445 | remaining: 588s
step 06220 (51.2%) | loss: 16.6192 | gnorm: 27.7872 | dt: 98ms | tok/s: 41,759 | remaining: 586s
step 06240 (51.3%) | loss: 16.2747 | gnorm: 8.3017 | dt: 99ms | tok/s: 41,342 | remaining: 584s
step 06260 (51.5%) | loss: 14.7728 | gnorm: 5.9231 | dt: 99ms | tok/s: 41,479 | remaining: 582s
step 06280 (51.7%) | loss: 17.1255 | gnorm: 1.3386 | dt: 99ms | tok/s: 41,473 | remaining: 580s
step 06300 (51.8%) | loss: 19.3530 | gnorm: 4.8041 | dt: 98ms | tok/s: 41,611 | remaining: 578s
step 06320 (52.0%) | loss: 17.9447 | gnorm: 3.8958 | dt: 99ms | tok/s: 41,563 | remaining: 576s
step 06340 (52.2%) | loss: 21.8737 | gnorm: 52.5932 | dt: 99ms | tok/s: 41,547 | remaining: 574s
step 06360 (52.3%) | loss: 16.9114 | gnorm: 1.8933 | dt: 99ms | tok/s: 41,479 | remaining: 572s
step 06380 (52.5%) | loss: 15.3630 | gnorm: 3.8806 | dt: 99ms | tok/s: 41,499 | remaining: 570s
step 06400 (52.6%) | loss: 19.7113 | gnorm: 6.5828 | dt: 99ms | tok/s: 41,564 | remaining: 568s
step 06420 (52.8%) | loss: 21.0039 | gnorm: 0.9917 | dt: 94ms | tok/s: 43,505 | remaining: 566s
step 06440 (53.0%) | loss: 26.4026 | gnorm: 37.8219 | dt: 99ms | tok/s: 41,379 | remaining: 564s
step 06460 (53.1%) | loss: 20.9718 | gnorm: 10.0331 | dt: 96ms | tok/s: 42,729 | remaining: 562s
step 06480 (53.3%) | loss: 20.9248 | gnorm: 11.8267 | dt: 99ms | tok/s: 41,333 | remaining: 560s
step 06500 (53.5%) | loss: 20.6024 | gnorm: 2.2588 | dt: 98ms | tok/s: 41,651 | remaining: 558s
step 06520 (53.6%) | loss: 20.7991 | gnorm: 47.1928 | dt: 99ms | tok/s: 41,474 | remaining: 556s
step 06540 (53.8%) | loss: 18.6656 | gnorm: 5.9248 | dt: 99ms | tok/s: 41,478 | remaining: 554s
step 06560 (54.0%) | loss: 20.4914 | gnorm: 8.2852 | dt: 98ms | tok/s: 41,601 | remaining: 552s
step 06580 (54.1%) | loss: 17.4350 | gnorm: 2.1012 | dt: 99ms | tok/s: 41,340 | remaining: 550s
step 06600 (54.3%) | loss: 16.1730 | gnorm: 2.7966 | dt: 99ms | tok/s: 41,373 | remaining: 548s
step 06620 (54.5%) | loss: 17.4229 | gnorm: 6.1911 | dt: 99ms | tok/s: 41,368 | remaining: 546s
step 06640 (54.6%) | loss: 18.2395 | gnorm: 3.3157 | dt: 99ms | tok/s: 41,470 | remaining: 544s
step 06660 (54.8%) | loss: 18.6941 | gnorm: 4.7295 | dt: 99ms | tok/s: 41,532 | remaining: 542s
step 06680 (55.0%) | loss: 19.3560 | gnorm: 7.9271 | dt: 99ms | tok/s: 41,393 | remaining: 540s
step 06700 (55.1%) | loss: 20.0667 | gnorm: 32.4162 | dt: 99ms | tok/s: 41,511 | remaining: 539s
step 06720 (55.3%) | loss: 18.6326 | gnorm: 15.8438 | dt: 99ms | tok/s: 41,316 | remaining: 537s
step 06740 (55.4%) | loss: 20.8341 | gnorm: 7.2954 | dt: 99ms | tok/s: 41,388 | remaining: 535s
step 06760 (55.6%) | loss: 18.7445 | gnorm: 2.1198 | dt: 99ms | tok/s: 41,503 | remaining: 533s
step 06780 (55.8%) | loss: 16.0694 | gnorm: 7.6636 | dt: 99ms | tok/s: 41,566 | remaining: 531s
step 06800 (55.9%) | loss: 19.8250 | gnorm: 68.7776 | dt: 99ms | tok/s: 41,389 | remaining: 529s
step 06820 (56.1%) | loss: 15.4971 | gnorm: 4.7695 | dt: 99ms | tok/s: 41,481 | remaining: 527s
step 06840 (56.3%) | loss: 25.1110 | gnorm: 24.0819 | dt: 99ms | tok/s: 41,465 | remaining: 525s
step 06860 (56.4%) | loss: 18.6975 | gnorm: 2.5312 | dt: 99ms | tok/s: 41,455 | remaining: 523s
step 06880 (56.6%) | loss: 17.1852 | gnorm: 33.5342 | dt: 99ms | tok/s: 41,515 | remaining: 521s
step 06900 (56.8%) | loss: 25.4513 | gnorm: 76.0765 | dt: 98ms | tok/s: 41,706 | remaining: 519s
step 06920 (56.9%) | loss: 22.5800 | gnorm: 53.0916 | dt: 99ms | tok/s: 41,352 | remaining: 517s
step 06940 (57.1%) | loss: 20.2083 | gnorm: 1.2910 | dt: 99ms | tok/s: 41,369 | remaining: 515s
step 06960 (57.3%) | loss: 13.8078 | gnorm: 3.4851 | dt: 99ms | tok/s: 41,484 | remaining: 513s
step 06980 (57.4%) | loss: 23.0483 | gnorm: 2.0685 | dt: 99ms | tok/s: 41,407 | remaining: 511s
step 07000 (57.6%) | loss: 15.9714 | gnorm: 0.9353 | dt: 94ms | tok/s: 43,442 | remaining: 509s
step 07020 (57.7%) | loss: 16.9782 | gnorm: 2.7032 | dt: 99ms | tok/s: 41,362 | remaining: 507s
step 07040 (57.9%) | loss: 12.5257 | gnorm: 1.2129 | dt: 98ms | tok/s: 41,602 | remaining: 505s
step 07060 (58.1%) | loss: 13.5879 | gnorm: 1.3729 | dt: 99ms | tok/s: 41,434 | remaining: 503s
step 07080 (58.2%) | loss: 17.8677 | gnorm: 1.5835 | dt: 98ms | tok/s: 41,588 | remaining: 501s
step 07100 (58.4%) | loss: 21.4555 | gnorm: 84.2571 | dt: 99ms | tok/s: 41,570 | remaining: 499s
step 07120 (58.6%) | loss: 22.3313 | gnorm: 4.1647 | dt: 99ms | tok/s: 41,456 | remaining: 497s
step 07140 (58.7%) | loss: 22.3633 | gnorm: 3.3322 | dt: 99ms | tok/s: 41,580 | remaining: 495s
step 07160 (58.9%) | loss: 14.0011 | gnorm: 2.6456 | dt: 99ms | tok/s: 41,178 | remaining: 493s
step 07180 (59.1%) | loss: 16.9742 | gnorm: 10.5215 | dt: 101ms | tok/s: 40,522 | remaining: 491s
step 07200 (59.2%) | loss: 12.0277 | gnorm: 2.1313 | dt: 114ms | tok/s: 35,807 | remaining: 489s
step 07220 (59.4%) | loss: 14.2531 | gnorm: 2.1525 | dt: 132ms | tok/s: 30,926 | remaining: 487s
step 07240 (59.7%) | loss: 13.9730 | gnorm: 18.7301 | dt: 135ms | tok/s: 30,372 | remaining: 484s
step 07260 (59.9%) | loss: 19.0170 | gnorm: 5.0794 | dt: 130ms | tok/s: 31,488 | remaining: 481s
step 07280 (60.1%) | loss: 23.5860 | gnorm: 26.0925 | dt: 122ms | tok/s: 33,494 | remaining: 479s
step 07300 (60.3%) | loss: 17.4585 | gnorm: 12.1863 | dt: 120ms | tok/s: 34,268 | remaining: 476s
step 07320 (60.5%) | loss: 16.0848 | gnorm: 3.0036 | dt: 123ms | tok/s: 33,411 | remaining: 474s
step 07340 (60.7%) | loss: 16.9856 | gnorm: 1.1997 | dt: 115ms | tok/s: 35,760 | remaining: 472s
step 07360 (60.9%) | loss: 21.8447 | gnorm: 40.2543 | dt: 115ms | tok/s: 35,735 | remaining: 469s
step 07380 (61.1%) | loss: 14.6113 | gnorm: 3.0314 | dt: 115ms | tok/s: 35,477 | remaining: 467s
step 07400 (61.3%) | loss: 14.9323 | gnorm: 2.1113 | dt: 117ms | tok/s: 35,125 | remaining: 465s
step 07420 (61.5%) | loss: 13.4435 | gnorm: 3.4872 | dt: 116ms | tok/s: 35,162 | remaining: 462s
step 07440 (61.6%) | loss: 13.8566 | gnorm: 12.6506 | dt: 117ms | tok/s: 35,139 | remaining: 460s
step 07460 (61.8%) | loss: 13.8509 | gnorm: 1.0023 | dt: 117ms | tok/s: 35,134 | remaining: 458s
step 07480 (62.0%) | loss: 17.0521 | gnorm: 21.9688 | dt: 116ms | tok/s: 35,176 | remaining: 455s
step 07500 (62.2%) | loss: 15.8983 | gnorm: 4.4796 | dt: 117ms | tok/s: 35,007 | remaining: 453s
step 07520 (62.4%) | loss: 15.5027 | gnorm: 23.8768 | dt: 117ms | tok/s: 35,139 | remaining: 451s
step 07540 (62.6%) | loss: 18.4615 | gnorm: 1.4444 | dt: 115ms | tok/s: 35,610 | remaining: 448s
step 07560 (62.8%) | loss: 15.1288 | gnorm: 6.9078 | dt: 117ms | tok/s: 35,107 | remaining: 446s
step 07580 (63.0%) | loss: 13.1898 | gnorm: 1.1800 | dt: 116ms | tok/s: 35,244 | remaining: 444s
step 07600 (63.2%) | loss: 19.0915 | gnorm: 18.3500 | dt: 116ms | tok/s: 35,375 | remaining: 441s
step 07620 (63.4%) | loss: 15.2539 | gnorm: 4.1500 | dt: 119ms | tok/s: 34,469 | remaining: 439s
step 07640 (63.6%) | loss: 13.8369 | gnorm: 2.3418 | dt: 116ms | tok/s: 35,264 | remaining: 437s
step 07660 (63.8%) | loss: 13.9870 | gnorm: 2.9906 | dt: 116ms | tok/s: 35,343 | remaining: 435s
step 07680 (64.0%) | loss: 20.3298 | gnorm: 2.2403 | dt: 116ms | tok/s: 35,306 | remaining: 432s
step 07700 (64.2%) | loss: 18.0962 | gnorm: 6.5335 | dt: 116ms | tok/s: 35,217 | remaining: 430s
step 07720 (64.4%) | loss: 16.8128 | gnorm: 4.5880 | dt: 114ms | tok/s: 35,811 | remaining: 428s
step 07740 (64.6%) | loss: 16.3334 | gnorm: 2.6916 | dt: 115ms | tok/s: 35,584 | remaining: 425s
step 07760 (64.7%) | loss: 16.6623 | gnorm: 1.4451 | dt: 116ms | tok/s: 35,331 | remaining: 423s
step 07780 (64.9%) | loss: 15.3991 | gnorm: 4.9707 | dt: 116ms | tok/s: 35,166 | remaining: 421s
step 07800 (65.1%) | loss: 13.2934 | gnorm: 4.8312 | dt: 116ms | tok/s: 35,434 | remaining: 418s
step 07820 (65.3%) | loss: 13.9706 | gnorm: 4.4655 | dt: 112ms | tok/s: 36,486 | remaining: 416s
step 07840 (65.5%) | loss: 22.7705 | gnorm: 20.6447 | dt: 115ms | tok/s: 35,725 | remaining: 414s
step 07860 (65.7%) | loss: 17.3891 | gnorm: 2.0335 | dt: 114ms | tok/s: 35,880 | remaining: 411s
step 07880 (65.9%) | loss: 16.9077 | gnorm: 3.3932 | dt: 115ms | tok/s: 35,722 | remaining: 409s
step 07900 (66.1%) | loss: 17.1395 | gnorm: 4.2835 | dt: 116ms | tok/s: 35,427 | remaining: 407s
step 07920 (66.3%) | loss: 19.3193 | gnorm: 7.5495 | dt: 116ms | tok/s: 35,326 | remaining: 404s
step 07940 (66.5%) | loss: 14.9623 | gnorm: 2.0878 | dt: 115ms | tok/s: 35,509 | remaining: 402s
step 07960 (66.7%) | loss: 17.2515 | gnorm: 4.6619 | dt: 115ms | tok/s: 35,581 | remaining: 400s
step 07980 (66.9%) | loss: 19.1014 | gnorm: 1.7850 | dt: 112ms | tok/s: 36,456 | remaining: 397s
step 08000 (67.1%) | loss: 14.2517 | gnorm: 12.1932 | dt: 115ms | tok/s: 35,495 | remaining: 395s
step 08020 (67.3%) | loss: 20.4906 | gnorm: 7.4580 | dt: 116ms | tok/s: 35,399 | remaining: 393s
step 08040 (67.4%) | loss: 16.1407 | gnorm: 3.3168 | dt: 116ms | tok/s: 35,296 | remaining: 391s
step 08060 (67.6%) | loss: 20.2558 | gnorm: 9.0677 | dt: 116ms | tok/s: 35,160 | remaining: 388s
step 08080 (67.8%) | loss: 21.1437 | gnorm: 10.8050 | dt: 116ms | tok/s: 35,204 | remaining: 386s
step 08100 (68.0%) | loss: 16.1630 | gnorm: 2.0729 | dt: 115ms | tok/s: 35,488 | remaining: 384s
step 08120 (68.2%) | loss: 14.2718 | gnorm: 4.1468 | dt: 117ms | tok/s: 35,128 | remaining: 381s
step 08140 (68.4%) | loss: 18.2753 | gnorm: 2.7793 | dt: 115ms | tok/s: 35,651 | remaining: 379s
step 08160 (68.6%) | loss: 20.2608 | gnorm: 1.8243 | dt: 116ms | tok/s: 35,408 | remaining: 377s
step 08180 (68.8%) | loss: 15.2076 | gnorm: 1.1510 | dt: 116ms | tok/s: 35,423 | remaining: 374s
step 08200 (69.0%) | loss: 17.6260 | gnorm: 27.2139 | dt: 115ms | tok/s: 35,514 | remaining: 372s
step 08220 (69.2%) | loss: 18.2374 | gnorm: 1.6546 | dt: 116ms | tok/s: 35,345 | remaining: 370s
step 08240 (69.4%) | loss: 21.4015 | gnorm: 6.8484 | dt: 115ms | tok/s: 35,680 | remaining: 367s
step 08260 (69.6%) | loss: 16.0047 | gnorm: 3.0502 | dt: 113ms | tok/s: 36,127 | remaining: 365s
step 08280 (69.8%) | loss: 14.9651 | gnorm: 4.6377 | dt: 116ms | tok/s: 35,314 | remaining: 363s
step 08300 (70.0%) | loss: 16.4216 | gnorm: 1.5014 | dt: 116ms | tok/s: 35,201 | remaining: 360s
step 08320 (70.1%) | loss: 21.3733 | gnorm: 1.4472 | dt: 115ms | tok/s: 35,485 | remaining: 358s
step 08340 (70.3%) | loss: 24.3451 | gnorm: 2.8658 | dt: 116ms | tok/s: 35,217 | remaining: 356s
step 08360 (70.5%) | loss: 16.0943 | gnorm: 3.0136 | dt: 116ms | tok/s: 35,377 | remaining: 353s
step 08380 (70.7%) | loss: 13.1699 | gnorm: 1.2605 | dt: 117ms | tok/s: 34,863 | remaining: 351s
step 08400 (70.9%) | loss: 15.1062 | gnorm: 2.6090 | dt: 116ms | tok/s: 35,327 | remaining: 349s
step 08420 (71.1%) | loss: 15.6361 | gnorm: 2.0030 | dt: 115ms | tok/s: 35,675 | remaining: 347s
step 08440 (71.3%) | loss: 13.9080 | gnorm: 1.2167 | dt: 116ms | tok/s: 35,344 | remaining: 344s
step 08460 (71.5%) | loss: 17.2988 | gnorm: 3.9725 | dt: 115ms | tok/s: 35,511 | remaining: 342s
step 08480 (71.7%) | loss: 15.0068 | gnorm: 1.4832 | dt: 117ms | tok/s: 35,138 | remaining: 340s
step 08500 (71.9%) | loss: 18.9578 | gnorm: 4.8315 | dt: 123ms | tok/s: 33,240 | remaining: 337s
step 08520 (72.1%) | loss: 15.4885 | gnorm: 2.7061 | dt: 115ms | tok/s: 35,669 | remaining: 335s
step 08540 (72.3%) | loss: 15.8467 | gnorm: 2.7870 | dt: 115ms | tok/s: 35,614 | remaining: 333s
step 08560 (72.5%) | loss: 17.2911 | gnorm: 3.7023 | dt: 116ms | tok/s: 35,425 | remaining: 330s
step 08580 (72.7%) | loss: 13.1183 | gnorm: 2.0156 | dt: 115ms | tok/s: 35,568 | remaining: 328s
step 08600 (72.8%) | loss: 12.2474 | gnorm: 2.5648 | dt: 116ms | tok/s: 35,263 | remaining: 326s
step 08620 (73.0%) | loss: 20.3687 | gnorm: 3.3227 | dt: 116ms | tok/s: 35,331 | remaining: 323s
step 08640 (73.2%) | loss: 17.4221 | gnorm: 12.9557 | dt: 116ms | tok/s: 35,343 | remaining: 321s
step 08660 (73.4%) | loss: 15.6990 | gnorm: 3.2274 | dt: 115ms | tok/s: 35,751 | remaining: 319s
step 08680 (73.6%) | loss: 15.9491 | gnorm: 1.5142 | dt: 115ms | tok/s: 35,474 | remaining: 316s
step 08700 (73.8%) | loss: 13.7031 | gnorm: 2.6700 | dt: 115ms | tok/s: 35,665 | remaining: 314s
step 08720 (74.0%) | loss: 17.4051 | gnorm: 2.5876 | dt: 115ms | tok/s: 35,658 | remaining: 312s
step 08740 (74.2%) | loss: 15.8816 | gnorm: 2.0036 | dt: 116ms | tok/s: 35,316 | remaining: 310s
step 08760 (74.4%) | loss: 19.4481 | gnorm: 2.5629 | dt: 116ms | tok/s: 35,362 | remaining: 307s
step 08780 (74.6%) | loss: 24.6804 | gnorm: 1.4338 | dt: 115ms | tok/s: 35,589 | remaining: 305s
step 08800 (74.8%) | loss: 19.5436 | gnorm: 14.3883 | dt: 116ms | tok/s: 35,237 | remaining: 303s
step 08820 (75.0%) | loss: 18.8894 | gnorm: 1.5160 | dt: 117ms | tok/s: 34,955 | remaining: 300s
step 08840 (75.2%) | loss: 14.8835 | gnorm: 1.6490 | dt: 116ms | tok/s: 35,352 | remaining: 298s
step 08860 (75.4%) | loss: 18.9833 | gnorm: 2.8944 | dt: 116ms | tok/s: 35,171 | remaining: 296s
step 08880 (75.5%) | loss: 18.7890 | gnorm: 1.5059 | dt: 116ms | tok/s: 35,396 | remaining: 293s
step 08900 (75.7%) | loss: 17.5663 | gnorm: 1.1481 | dt: 113ms | tok/s: 36,176 | remaining: 291s
step 08920 (75.9%) | loss: 17.5858 | gnorm: 6.8151 | dt: 115ms | tok/s: 35,583 | remaining: 289s
step 08940 (76.1%) | loss: 23.2743 | gnorm: 53.7073 | dt: 115ms | tok/s: 35,576 | remaining: 286s
step 08960 (76.3%) | loss: 18.1200 | gnorm: 4.0118 | dt: 114ms | tok/s: 35,857 | remaining: 284s
step 08980 (76.5%) | loss: 17.3116 | gnorm: 2.6546 | dt: 117ms | tok/s: 34,906 | remaining: 282s
step 09000 (76.7%) | loss: 15.4712 | gnorm: 2.3201 | dt: 117ms | tok/s: 35,090 | remaining: 279s
step 09020 (76.9%) | loss: 15.3176 | gnorm: 1.6682 | dt: 116ms | tok/s: 35,457 | remaining: 277s
step 09040 (77.1%) | loss: 18.0130 | gnorm: 1.5094 | dt: 116ms | tok/s: 35,320 | remaining: 275s
step 09060 (77.3%) | loss: 16.8254 | gnorm: 5.4363 | dt: 116ms | tok/s: 35,385 | remaining: 272s
step 09080 (77.5%) | loss: 21.7340 | gnorm: 12.1943 | dt: 116ms | tok/s: 35,284 | remaining: 270s
step 09100 (77.7%) | loss: 22.7156 | gnorm: 5.6627 | dt: 116ms | tok/s: 35,301 | remaining: 268s
step 09120 (77.9%) | loss: 22.8832 | gnorm: 10.9326 | dt: 116ms | tok/s: 35,314 | remaining: 266s
step 09140 (78.1%) | loss: 17.8106 | gnorm: 1.0081 | dt: 116ms | tok/s: 35,389 | remaining: 263s
step 09160 (78.3%) | loss: 17.2065 | gnorm: 1.3838 | dt: 113ms | tok/s: 36,249 | remaining: 261s
step 09180 (78.4%) | loss: 16.3518 | gnorm: 8.0060 | dt: 115ms | tok/s: 35,500 | remaining: 259s
step 09200 (78.6%) | loss: 19.9133 | gnorm: 10.6472 | dt: 116ms | tok/s: 35,188 | remaining: 256s
step 09220 (78.8%) | loss: 18.8011 | gnorm: 2.4903 | dt: 117ms | tok/s: 34,966 | remaining: 254s
step 09240 (79.0%) | loss: 19.5637 | gnorm: 72.9958 | dt: 116ms | tok/s: 35,220 | remaining: 252s
step 09260 (79.2%) | loss: 17.9113 | gnorm: 1.3791 | dt: 115ms | tok/s: 35,676 | remaining: 249s
step 09280 (79.4%) | loss: 14.3908 | gnorm: 1.5393 | dt: 116ms | tok/s: 35,307 | remaining: 247s
step 09300 (79.6%) | loss: 20.5272 | gnorm: 59.3159 | dt: 117ms | tok/s: 35,111 | remaining: 245s
step 09320 (79.8%) | loss: 14.1407 | gnorm: 1.8875 | dt: 116ms | tok/s: 35,343 | remaining: 242s
step 09340 (80.0%) | loss: 15.2686 | gnorm: 1.1684 | dt: 116ms | tok/s: 35,316 | remaining: 240s
step 09360 (80.2%) | loss: 18.1184 | gnorm: 5.2349 | dt: 116ms | tok/s: 35,450 | remaining: 238s
step 09380 (80.4%) | loss: 17.7455 | gnorm: 26.5595 | dt: 115ms | tok/s: 35,638 | remaining: 235s
step 09400 (80.6%) | loss: 21.7753 | gnorm: 4.1647 | dt: 116ms | tok/s: 35,245 | remaining: 233s
step 09420 (80.8%) | loss: 22.0075 | gnorm: 39.2925 | dt: 120ms | tok/s: 34,190 | remaining: 231s
step 09440 (81.0%) | loss: 26.1959 | gnorm: 15.8172 | dt: 116ms | tok/s: 35,287 | remaining: 228s
step 09460 (81.1%) | loss: 16.0861 | gnorm: 1.9861 | dt: 115ms | tok/s: 35,574 | remaining: 226s
step 09480 (81.3%) | loss: 15.4783 | gnorm: 3.5094 | dt: 117ms | tok/s: 35,067 | remaining: 224s
step 09500 (81.5%) | loss: 15.3803 | gnorm: 5.1969 | dt: 116ms | tok/s: 35,217 | remaining: 221s
step 09520 (81.7%) | loss: 13.9452 | gnorm: 2.7446 | dt: 116ms | tok/s: 35,457 | remaining: 219s
step 09540 (81.9%) | loss: 14.9622 | gnorm: 2.1382 | dt: 116ms | tok/s: 35,283 | remaining: 217s
step 09560 (82.1%) | loss: 17.7127 | gnorm: 4.4215 | dt: 118ms | tok/s: 34,648 | remaining: 215s
step 09580 (82.3%) | loss: 20.8972 | gnorm: 23.1310 | dt: 116ms | tok/s: 35,215 | remaining: 212s
step 09600 (82.5%) | loss: 18.2471 | gnorm: 4.2335 | dt: 116ms | tok/s: 35,287 | remaining: 210s
step 09620 (82.7%) | loss: 13.0103 | gnorm: 1.5506 | dt: 115ms | tok/s: 35,554 | remaining: 208s
step 09640 (82.9%) | loss: 22.4785 | gnorm: 7.8461 | dt: 116ms | tok/s: 35,433 | remaining: 205s
step 09660 (83.1%) | loss: 19.1293 | gnorm: 2.4984 | dt: 116ms | tok/s: 35,272 | remaining: 203s
step 09680 (83.3%) | loss: 14.4911 | gnorm: 1.0080 | dt: 128ms | tok/s: 32,001 | remaining: 201s
step 09700 (83.5%) | loss: 15.4122 | gnorm: 3.3213 | dt: 116ms | tok/s: 35,311 | remaining: 198s
step 09720 (83.7%) | loss: 15.7305 | gnorm: 1.1866 | dt: 116ms | tok/s: 35,405 | remaining: 196s
step 09740 (83.9%) | loss: 17.9808 | gnorm: 1.3754 | dt: 117ms | tok/s: 35,022 | remaining: 194s
step 09760 (84.1%) | loss: 20.6138 | gnorm: 63.5374 | dt: 116ms | tok/s: 35,256 | remaining: 191s
step 09780 (84.2%) | loss: 16.2194 | gnorm: 1.7574 | dt: 116ms | tok/s: 35,233 | remaining: 189s
step 09800 (84.4%) | loss: 20.0412 | gnorm: 1.2447 | dt: 116ms | tok/s: 35,371 | remaining: 187s
step 09820 (84.6%) | loss: 21.9626 | gnorm: 9.5941 | dt: 117ms | tok/s: 34,944 | remaining: 184s
step 09840 (84.8%) | loss: 28.9325 | gnorm: 85.8366 | dt: 115ms | tok/s: 35,489 | remaining: 182s
step 09860 (85.0%) | loss: 18.5705 | gnorm: 4.4413 | dt: 116ms | tok/s: 35,231 | remaining: 180s
step 09880 (85.2%) | loss: 18.2098 | gnorm: 17.5798 | dt: 116ms | tok/s: 35,361 | remaining: 177s
step 09900 (85.4%) | loss: 20.4468 | gnorm: 33.1180 | dt: 115ms | tok/s: 35,507 | remaining: 175s
step 09920 (85.6%) | loss: 16.3012 | gnorm: 1.5645 | dt: 115ms | tok/s: 35,698 | remaining: 173s
step 09940 (85.8%) | loss: 14.4993 | gnorm: 4.5481 | dt: 123ms | tok/s: 33,382 | remaining: 170s
step 09960 (86.0%) | loss: 13.9328 | gnorm: 3.0758 | dt: 116ms | tok/s: 35,272 | remaining: 168s
step 09980 (86.2%) | loss: 15.9879 | gnorm: 2.0392 | dt: 116ms | tok/s: 35,445 | remaining: 166s
step 10000 (86.4%) | loss: 16.6074 | gnorm: 3.7948 | dt: 116ms | tok/s: 35,372 | remaining: 163s
step 10020 (86.6%) | loss: 17.7875 | gnorm: 12.3873 | dt: 116ms | tok/s: 35,170 | remaining: 161s
step 10040 (86.8%) | loss: 13.7202 | gnorm: 2.5456 | dt: 116ms | tok/s: 35,410 | remaining: 159s
step 10060 (87.0%) | loss: 13.9158 | gnorm: 1.1372 | dt: 115ms | tok/s: 35,474 | remaining: 156s
step 10080 (87.1%) | loss: 17.2971 | gnorm: 23.5098 | dt: 118ms | tok/s: 34,856 | remaining: 154s
step 10100 (87.3%) | loss: 14.7044 | gnorm: 12.5700 | dt: 116ms | tok/s: 35,209 | remaining: 152s
step 10120 (87.5%) | loss: 19.4920 | gnorm: 26.6959 | dt: 116ms | tok/s: 35,405 | remaining: 149s
step 10140 (87.7%) | loss: 23.5462 | gnorm: 5.2682 | dt: 115ms | tok/s: 35,486 | remaining: 147s
step 10160 (87.9%) | loss: 14.1878 | gnorm: 4.6950 | dt: 116ms | tok/s: 35,444 | remaining: 145s
step 10180 (88.1%) | loss: 13.9964 | gnorm: 1.1319 | dt: 116ms | tok/s: 35,443 | remaining: 142s
step 10200 (88.3%) | loss: 18.9805 | gnorm: 31.4638 | dt: 114ms | tok/s: 35,855 | remaining: 140s
step 10220 (88.5%) | loss: 12.6767 | gnorm: 0.8626 | dt: 110ms | tok/s: 37,172 | remaining: 138s
step 10240 (88.7%) | loss: 13.5438 | gnorm: 2.3659 | dt: 116ms | tok/s: 35,399 | remaining: 136s
step 10260 (88.9%) | loss: 16.7581 | gnorm: 1.5543 | dt: 116ms | tok/s: 35,223 | remaining: 133s
step 10280 (89.1%) | loss: 17.2482 | gnorm: 7.6432 | dt: 116ms | tok/s: 35,281 | remaining: 131s
step 10300 (89.3%) | loss: 15.3593 | gnorm: 1.3789 | dt: 116ms | tok/s: 35,232 | remaining: 129s
step 10320 (89.5%) | loss: 14.4428 | gnorm: 2.6552 | dt: 117ms | tok/s: 35,102 | remaining: 126s
step 10340 (89.7%) | loss: 17.5303 | gnorm: 2.4055 | dt: 115ms | tok/s: 35,478 | remaining: 124s
step 10360 (89.9%) | loss: 13.9010 | gnorm: 1.9590 | dt: 115ms | tok/s: 35,599 | remaining: 122s
step 10380 (90.1%) | loss: 15.3701 | gnorm: 56.3472 | dt: 115ms | tok/s: 35,490 | remaining: 119s
step 10400 (90.2%) | loss: 11.1358 | gnorm: 1.6516 | dt: 115ms | tok/s: 35,464 | remaining: 117s
step 10420 (90.4%) | loss: 16.7720 | gnorm: 8.5743 | dt: 115ms | tok/s: 35,572 | remaining: 115s
step 10440 (90.6%) | loss: 22.0544 | gnorm: 4.6920 | dt: 116ms | tok/s: 35,198 | remaining: 112s
step 10460 (90.8%) | loss: 15.6236 | gnorm: 1.7891 | dt: 116ms | tok/s: 35,172 | remaining: 110s
step 10480 (91.0%) | loss: 15.6279 | gnorm: 7.2054 | dt: 114ms | tok/s: 35,936 | remaining: 108s
step 10500 (91.2%) | loss: 15.1534 | gnorm: 5.6324 | dt: 116ms | tok/s: 35,314 | remaining: 105s
step 10520 (91.4%) | loss: 14.6303 | gnorm: 2.7831 | dt: 116ms | tok/s: 35,273 | remaining: 103s
step 10540 (91.6%) | loss: 14.1396 | gnorm: 12.6437 | dt: 116ms | tok/s: 35,328 | remaining: 101s
step 10560 (91.8%) | loss: 13.2021 | gnorm: 3.7497 | dt: 116ms | tok/s: 35,298 | remaining: 98s
step 10580 (92.0%) | loss: 14.3514 | gnorm: 22.4810 | dt: 114ms | tok/s: 36,003 | remaining: 96s
step 10600 (92.2%) | loss: 14.1652 | gnorm: 3.1167 | dt: 115ms | tok/s: 35,481 | remaining: 94s
step 10620 (92.4%) | loss: 17.7886 | gnorm: 4.9931 | dt: 116ms | tok/s: 35,180 | remaining: 91s
step 10640 (92.6%) | loss: 16.4326 | gnorm: 2.2879 | dt: 116ms | tok/s: 35,193 | remaining: 89s
step 10660 (92.8%) | loss: 14.8195 | gnorm: 11.4749 | dt: 115ms | tok/s: 35,658 | remaining: 87s
step 10680 (93.0%) | loss: 16.3334 | gnorm: 1.5444 | dt: 113ms | tok/s: 36,327 | remaining: 84s
step 10700 (93.1%) | loss: 17.0491 | gnorm: 6.1732 | dt: 116ms | tok/s: 35,210 | remaining: 82s
step 10720 (93.3%) | loss: 13.3283 | gnorm: 2.8144 | dt: 115ms | tok/s: 35,525 | remaining: 80s
step 10740 (93.5%) | loss: 12.9321 | gnorm: 5.8053 | dt: 115ms | tok/s: 35,547 | remaining: 77s
step 10760 (93.7%) | loss: 14.6363 | gnorm: 2.0658 | dt: 116ms | tok/s: 35,224 | remaining: 75s
step 10780 (93.9%) | loss: 15.0793 | gnorm: 3.7072 | dt: 115ms | tok/s: 35,467 | remaining: 73s
step 10800 (94.1%) | loss: 13.4214 | gnorm: 3.0468 | dt: 116ms | tok/s: 35,282 | remaining: 70s
step 10820 (94.3%) | loss: 15.5171 | gnorm: 6.8701 | dt: 117ms | tok/s: 35,055 | remaining: 68s
step 10840 (94.5%) | loss: 17.8217 | gnorm: 1.7879 | dt: 116ms | tok/s: 35,286 | remaining: 66s
step 10860 (94.7%) | loss: 18.9519 | gnorm: 7.9369 | dt: 115ms | tok/s: 35,749 | remaining: 64s
step 10880 (94.9%) | loss: 19.2247 | gnorm: 6.9556 | dt: 117ms | tok/s: 35,154 | remaining: 61s
step 10900 (95.1%) | loss: 20.6499 | gnorm: 77.5621 | dt: 118ms | tok/s: 34,834 | remaining: 59s
step 10920 (95.3%) | loss: 15.9278 | gnorm: 8.3295 | dt: 120ms | tok/s: 34,257 | remaining: 57s
step 10940 (95.5%) | loss: 19.1105 | gnorm: 47.9797 | dt: 116ms | tok/s: 35,415 | remaining: 54s
step 10960 (95.7%) | loss: 15.2016 | gnorm: 22.2243 | dt: 117ms | tok/s: 35,093 | remaining: 52s
step 10980 (95.9%) | loss: 14.9227 | gnorm: 1.7850 | dt: 116ms | tok/s: 35,376 | remaining: 50s
step 11000 (96.0%) | loss: 14.3344 | gnorm: 1.4649 | dt: 115ms | tok/s: 35,698 | remaining: 47s
step 11020 (96.2%) | loss: 12.6959 | gnorm: 1.2405 | dt: 116ms | tok/s: 35,288 | remaining: 45s
step 11040 (96.4%) | loss: 12.5926 | gnorm: 4.1795 | dt: 117ms | tok/s: 35,149 | remaining: 43s
step 11060 (96.6%) | loss: 15.7112 | gnorm: 16.3732 | dt: 116ms | tok/s: 35,325 | remaining: 40s
step 11080 (96.8%) | loss: 12.9132 | gnorm: 3.7794 | dt: 116ms | tok/s: 35,246 | remaining: 38s
step 11100 (97.0%) | loss: 18.2361 | gnorm: 32.4723 | dt: 116ms | tok/s: 35,353 | remaining: 36s
step 11120 (97.2%) | loss: 14.1231 | gnorm: 9.8018 | dt: 113ms | tok/s: 36,182 | remaining: 33s
step 11140 (97.4%) | loss: 17.1594 | gnorm: 34.2402 | dt: 117ms | tok/s: 35,138 | remaining: 31s
step 11160 (97.6%) | loss: 16.7131 | gnorm: 1.2440 | dt: 115ms | tok/s: 35,497 | remaining: 29s
step 11180 (97.8%) | loss: 14.8756 | gnorm: 1.4993 | dt: 124ms | tok/s: 33,035 | remaining: 26s
step 11200 (98.0%) | loss: 16.3003 | gnorm: 5.0163 | dt: 117ms | tok/s: 35,109 | remaining: 24s
step 11220 (98.2%) | loss: 15.4945 | gnorm: 11.5806 | dt: 116ms | tok/s: 35,457 | remaining: 22s
step 11240 (98.4%) | loss: 15.4272 | gnorm: 10.4534 | dt: 116ms | tok/s: 35,317 | remaining: 19s
step 11260 (98.6%) | loss: 12.1793 | gnorm: 1.0529 | dt: 116ms | tok/s: 35,377 | remaining: 17s
step 11280 (98.8%) | loss: 15.6586 | gnorm: 0.9601 | dt: 113ms | tok/s: 36,374 | remaining: 15s
step 11300 (98.9%) | loss: 14.7232 | gnorm: 1.3437 | dt: 116ms | tok/s: 35,356 | remaining: 13s
step 11320 (99.1%) | loss: 19.1746 | gnorm: 17.8064 | dt: 117ms | tok/s: 35,120 | remaining: 10s
step 11340 (99.3%) | loss: 14.2240 | gnorm: 3.3010 | dt: 115ms | tok/s: 35,639 | remaining: 8s
step 11360 (99.5%) | loss: 15.8173 | gnorm: 73.7224 | dt: 116ms | tok/s: 35,433 | remaining: 6s
step 11380 (99.7%) | loss: 16.7451 | gnorm: 9.6268 | dt: 115ms | tok/s: 35,710 | remaining: 3s
step 11400 (99.9%) | loss: 16.1678 | gnorm: 2.0894 | dt: 116ms | tok/s: 35,263 | remaining: 1s

--- Per-t diagnostics ---
  t=0.05: mask_prob=0.008, n_masked=45, avg_CE_masked=1.7762
  t=0.10: mask_prob=0.028, n_masked=129, avg_CE_masked=1.9165
  t=0.20: mask_prob=0.101, n_masked=403, avg_CE_masked=2.0339
  t=0.30: mask_prob=0.213, n_masked=874, avg_CE_masked=2.4581
  t=0.50: mask_prob=0.506, n_masked=2036, avg_CE_masked=3.5964
  t=0.70: mask_prob=0.797, n_masked=3295, avg_CE_masked=4.9464
  t=0.90: mask_prob=0.976, n_masked=3993, avg_CE_masked=5.8630

ELBO eval (64 levels x 8 batches)...
  ELBO eval 4/8
  ELBO eval 8/8
---
val_bpb:          2.178727
training_seconds: 1200.0
total_seconds:    1214.2
num_steps:        11409
num_params_M:     9.6
model_dim:        384
num_layers:       6
noise_schedule:   cosine
elbo_steps:       64
